******************************************************************************
                  TI ARM Linker Unix v18.12.4                  
******************************************************************************
>> Linked Tue Mar 24 11:13:38 2020

OUTPUT FILE NAME:   <dhcp_kaustubh.out>
ENTRY POINT SYMBOL: "_c_int00_noargs"  address: 00005231


MEMORY CONFIGURATION

         name            origin    length      used     unused   attr    fill
----------------------  --------  ---------  --------  --------  ----  --------
  FLASH                 00000000   00040000  00005547  0003aab9  R  X
  SRAM                  20000000   00008000  000016c4  0000693c  RW X


SEGMENT ALLOCATION MAP

run origin  load origin   length   init length attrs members
----------  ----------- ---------- ----------- ----- -------
00000000    00000000    00005548   00005548    r-x
  00000000    00000000    0000026c   0000026c    r-- .intvecs
  0000026c    0000026c    00005178   00005178    r-x .text
  000053e4    000053e4    0000011b   0000011b    r-- .const
  00005500    00005500    00000048   00000048    r-- .cinit
20000000    20000000    000016c4   00000000    rw-
  20000000    20000000    00001000   00000000    rw- .stack
  20001000    20001000    0000067c   00000000    rw- .bss
  2000167c    2000167c    00000048   00000000    rw- .data


SECTION ALLOCATION MAP

 output                                  attributes/
section   page    origin      length       input sections
--------  ----  ----------  ----------   ----------------
.intvecs   0    00000000    0000026c     
                  00000000    0000026c     tm4c123gh6pm_startup_ccs.obj (.intvecs)

.text      0    0000026c    00005178     
                  0000026c    000017b4     eth0.obj (.text)
                  00001a20    00000ab0     dhcp.obj (.text)
                  000024d0    00000a4e     rtsv7M4_T_le_v4SPD16_eabi.lib : _printfi.c.obj (.text:__TI_printfi)
                  00002f1e    00000002                                   : div0.asm.obj (.text)
                  00002f20    000007c0     gpio.obj (.text)
                  000036e0    0000044c     timer.obj (.text)
                  00003b2c    000002d0     uart0.obj (.text)
                  00003dfc    00000270     rtsv7M4_T_le_v4SPD16_eabi.lib : _printfi.c.obj (.text:_pconv_a)
                  0000406c    000001d0                                   : _printfi.c.obj (.text:_pconv_g)
                  0000423c    000001b6                                   : fd_add_t2.asm.obj (.text)
                  000043f2    00000002     --HOLE-- [fill = 0]
                  000043f4    00000160     spi0.obj (.text)
                  00004554    0000013c     rtsv7M4_T_le_v4SPD16_eabi.lib : _printfi.c.obj (.text:_pconv_e)
                  00004690    00000136                                   : fd_div_t2.asm.obj (.text)
                  000047c6    00000002     --HOLE-- [fill = 0]
                  000047c8    00000124                                   : _printfi.c.obj (.text:fcvt)
                  000048ec    00000110                                   : s_scalbn.c.obj (.text:scalbn)
                  000049fc    000000fc                                   : fd_mul_t2.asm.obj (.text)
                  00004af8    000000b1                                   : _printfi.c.obj (.text:_ltostr)
                  00004ba9    00000001     --HOLE-- [fill = 0]
                  00004baa    0000009c                                   : memcpy_t2.asm.obj (.text)
                  00004c46    00000096                                   : ull_div_t2.asm.obj (.text)
                  00004cdc    00000086                                   : fd_cmp_t2.asm.obj (.text:__aeabi_cdcmple)
                  00004d62    00000086                                   : fd_cmp_t2.asm.obj (.text:__aeabi_cdrcmple)
                  00004de8    0000007a                                   : memset_t2.asm.obj (.text)
                  00004e62    0000006e                                   : _printfi.c.obj (.text:_mcpy)
                  00004ed0    00000068                                   : copy_decompress_lzss.c.obj (.text:decompress:lzss:__TI_decompress_lzss)
                  00004f38    00000064                                   : s_frexp.c.obj (.text:frexp)
                  00004f9c    00000056                                   : _printfi.c.obj (.text:_pconv_f)
                  00004ff2    00000054                                   : ltoa.c.obj (.text:ltoa)
                  00005046    00000052                                   : _printfi.c.obj (.text:_ecpy)
                  00005098    0000004c                                   : atoi.c.obj (.text:atoi)
                  000050e4    00000048                                   : fd_toi_t2.asm.obj (.text)
                  0000512c    00000044                                   : autoinit.c.obj (.text:__TI_auto_init_nobinit_nopinit:__TI_auto_init_nobinit_nopinit)
                  00005170    00000040                                   : sprintf.c.obj (.text:sprintf)
                  000051b0    00000040                                   : strtok.c.obj (.text:strtok)
                  000051f0    0000003e                                   : _printfi.c.obj (.text:_fcpy)
                  0000522e    00000002     --HOLE-- [fill = 0]
                  00005230    00000034                                   : boot_cortex_m.c.obj (.text:_c_int00_noargs:_c_int00_noargs)
                  00005264    0000002e                                   : i_tofd_t2.asm.obj (.text)
                  00005292    0000002a                                   : strspn.c.obj (.text:strspn)
                  000052bc    00000024                                   : strcspn.c.obj (.text:strcspn)
                  000052e0    00000020     wait.obj (.text)
                  00005300    0000001c     rtsv7M4_T_le_v4SPD16_eabi.lib : memccpy.c.obj (.text:memccpy)
                  0000531c    0000001a                                   : s_copysign.c.obj (.text:copysign)
                  00005336    00000018                                   : sprintf.c.obj (.text:_outs)
                  0000534e    00000018                                   : strcmp.c.obj (.text:strcmp)
                  00005366    00000016                                   : strchr.c.obj (.text:strchr)
                  0000537c    00000014                                   : strlen.c.obj (.text:strlen)
                  00005390    00000012                                   : wcslen.c.obj (.text:wcslen)
                  000053a2    0000000e                                   : copy_decompress_none.c.obj (.text:decompress:none:__TI_decompress_none)
                  000053b0    0000000c                                   : copy_zero_init.c.obj (.text:decompress:ZI:__TI_zero_init)
                  000053bc    0000000c     tm4c123gh6pm_startup_ccs.obj (.text)
                  000053c8    0000000a     rtsv7M4_T_le_v4SPD16_eabi.lib : sprintf.c.obj (.text:_outc)
                  000053d2    00000002     --HOLE-- [fill = 0]
                  000053d4    00000008                                   : errno.c.obj (.text:__aeabi_errno_addr)
                  000053dc    00000004                                   : pre_init.c.obj (.text:_system_pre_init)
                  000053e0    00000004                                   : exit.c.obj (.text:abort:abort)

.const     0    000053e4    0000011b     
                  000053e4    00000101     rtsv7M4_T_le_v4SPD16_eabi.lib : ctype.c.obj (.const:.string:_ctypes_)
                  000054e5    0000000b     eth0.obj (.const:.string:$P$T2$3)
                  000054f0    00000007     eth0.obj (.const:.string:$P$T1$2)
                  000054f7    00000004     eth0.obj (.const:.string:$P$T0$1)
                  000054fb    00000004     eth0.obj (.const:.string:$P$T3$4)

.cinit     0    00005500    00000048     
                  00005500    0000001f     (.cinit..data.load) [load image, compression = lzss]
                  0000551f    00000001     --HOLE-- [fill = 0]
                  00005520    0000000c     (__TI_handler_table)
                  0000552c    00000004     --HOLE-- [fill = 0]
                  00005530    00000008     (.cinit..bss.load) [load image, compression = zero_init]
                  00005538    00000010     (__TI_cinit_table)

.init_array 
*          0    00000000    00000000     UNINITIALIZED

.bss       0    20001000    0000067c     UNINITIALIZED
                  20001000    000005f4     (.common:data)
                  200015f4    00000028     (.common:fn)
                  2000161c    00000028     (.common:period)
                  20001644    00000028     (.common:ticks)
                  2000166c    0000000c     (.common:reload)
                  20001678    00000004     (.common:sum)

.data      0    2000167c    00000048     UNINITIALIZED
                  2000167c    00000020     eth0.obj (.data:dhcpsm)
                  2000169c    00000006     eth0.obj (.data:macAddress)
                  200016a2    00000006     eth0.obj (.data:macBcastAddress)
                  200016a8    00000004     eth0.obj (.data)
                  200016ac    00000004     eth0.obj (.data:ipAddress)
                  200016b0    00000004     eth0.obj (.data:ipBcastAddress)
                  200016b4    00000004     eth0.obj (.data:ipGwAddress)
                  200016b8    00000004     eth0.obj (.data:ipSubnetMask)
                  200016bc    00000004     rtsv7M4_T_le_v4SPD16_eabi.lib : errno.c.obj (.data)
                  200016c0    00000004                                   : strtok.c.obj (.data)

.stack     0    20000000    00001000     UNINITIALIZED
                  20000000    00000004     rtsv7M4_T_le_v4SPD16_eabi.lib : boot_cortex_m.c.obj (.stack)
                  20000004    00000ffc     --HOLE--

MODULE SUMMARY

       Module                         code    ro data   rw data
       ------                         ----    -------   -------
    ./
       eth0.obj                       6068    26        68     
       dhcp.obj                       2736    0         1524   
       gpio.obj                       1984    0         0      
       timer.obj                      1100    0         132    
       uart0.obj                      720     0         0      
       tm4c123gh6pm_startup_ccs.obj   12      620       0      
       spi0.obj                       352     0         0      
       wait.obj                       32      0         0      
    +--+------------------------------+-------+---------+---------+
       Total:                         13004   646       1724   
                                                               
    /opt/ti/ccs930/ccs/tools/compiler/ti-cgt-arm_18.12.4.LTS/lib/rtsv7M4_T_le_v4SPD16_eabi.lib
       _printfi.c.obj                 4851    0         0      
       fd_add_t2.asm.obj              438     0         0      
       fd_div_t2.asm.obj              310     0         0      
       s_scalbn.c.obj                 272     0         0      
       fd_cmp_t2.asm.obj              268     0         0      
       ctype.c.obj                    0       257       0      
       fd_mul_t2.asm.obj              252     0         0      
       memcpy_t2.asm.obj              156     0         0      
       ull_div_t2.asm.obj             150     0         0      
       memset_t2.asm.obj              122     0         0      
       copy_decompress_lzss.c.obj     104     0         0      
       s_frexp.c.obj                  100     0         0      
       sprintf.c.obj                  98      0         0      
       ltoa.c.obj                     84      0         0      
       atoi.c.obj                     76      0         0      
       fd_toi_t2.asm.obj              72      0         0      
       autoinit.c.obj                 68      0         0      
       strtok.c.obj                   64      0         4      
       boot_cortex_m.c.obj            52      0         0      
       i_tofd_t2.asm.obj              46      0         0      
       strspn.c.obj                   42      0         0      
       strcspn.c.obj                  36      0         0      
       memccpy.c.obj                  28      0         0      
       s_copysign.c.obj               26      0         0      
       strcmp.c.obj                   24      0         0      
       strchr.c.obj                   22      0         0      
       strlen.c.obj                   20      0         0      
       wcslen.c.obj                   18      0         0      
       copy_decompress_none.c.obj     14      0         0      
       copy_zero_init.c.obj           12      0         0      
       errno.c.obj                    8       0         4      
       exit.c.obj                     4       0         0      
       pre_init.c.obj                 4       0         0      
       div0.asm.obj                   2       0         0      
    +--+------------------------------+-------+---------+---------+
       Total:                         7843    257       8      
                                                               
       Stack:                         0       0         4096   
       Linker Generated:              0       67        0      
    +--+------------------------------+-------+---------+---------+
       Grand Total:                   20847   970       5828   


LINKER GENERATED COPY TABLES

__TI_cinit_table @ 00005538 records: 2, size/record: 8, table size: 16
	.data: load addr=00005500, load size=0000001f bytes, run addr=2000167c, run size=00000048 bytes, compression=lzss
	.bss: load addr=00005530, load size=00000008 bytes, run addr=20001000, run size=0000067c bytes, compression=zero_init


LINKER GENERATED HANDLER TABLE

__TI_handler_table @ 00005520 records: 3, size/record: 4, table size: 12
	index: 0, handler: __TI_decompress_lzss
	index: 1, handler: __TI_decompress_none
	index: 2, handler: __TI_zero_init


GLOBAL SYMBOLS: SORTED ALPHABETICALLY BY Name 

address   name                          
-------   ----                          
000053e1  C$$EXIT                       
00003d2d  ParseFields                   
000053bd  ResetISR                      
20001000  __STACK_END                   
00001000  __STACK_SIZE                  
20000200  __STACK_TOP                   
00005538  __TI_CINIT_Base               
00005548  __TI_CINIT_Limit              
00005520  __TI_Handler_Table_Base       
0000552c  __TI_Handler_Table_Limit      
0000512d  __TI_auto_init_nobinit_nopinit
00004ed1  __TI_decompress_lzss          
000053a3  __TI_decompress_none          
ffffffff  __TI_pprof_out_hndl           
000024d1  __TI_printfi                  
ffffffff  __TI_prof_data_size           
ffffffff  __TI_prof_data_start          
00000000  __TI_static_base__            
000053b1  __TI_zero_init                
00004cdd  __aeabi_cdcmpeq               
00004cdd  __aeabi_cdcmple               
00004d63  __aeabi_cdrcmple              
000050e5  __aeabi_d2iz                  
00004247  __aeabi_dadd                  
00004691  __aeabi_ddiv                  
000049fd  __aeabi_dmul                  
0000423d  __aeabi_dsub                  
000053d5  __aeabi_errno_addr            
00005265  __aeabi_i2d                   
00002f1f  __aeabi_idiv0                 
00002f1f  __aeabi_ldiv0                 
00004de9  __aeabi_memclr                
00004de9  __aeabi_memclr4               
00004de9  __aeabi_memclr8               
00004bab  __aeabi_memcpy                
00004bab  __aeabi_memcpy4               
00004bab  __aeabi_memcpy8               
00004deb  __aeabi_memset                
00004deb  __aeabi_memset4               
00004deb  __aeabi_memset8               
00004c47  __aeabi_uldivmod              
ffffffff  __binit__                     
ffffffff  __c_args__                    
UNDEFED   __mpu_init                    
20000000  __stack                       
00005231  _c_int00_noargs               
000053e4  _ctypes_                      
UNDEFED   _system_post_cinit            
000053dd  _system_pre_init              
000053e1  abort                         
00003a87  ackTimer                      
00005099  atoi                          
ffffffff  binit                         
0000531d  copysign                      
0000531d  copysignl                     
20001000  data                          
200016ab  dhcpEnabled                   
2000167c  dhcpsm                        
00003551  disablePinInterrupt           
00003289  disablePinPulldown            
00003241  disablePinPullup              
00002fdd  disablePort                   
000039e1  discoverMessage               
00001ac5  displayConnectionInfo         
0000352d  enablePinInterrupt            
00003265  enablePinPulldown             
00003213  enablePinPullup               
00002f21  enablePort                    
200016bc  errno                         
00000939  etherCalcIpChecksum           
0000032b  etherClearReg                 
00000283  etherCsOff                    
0000026d  etherCsOn                     
00001789  etherDisableDhcpMode          
00001781  etherEnableDhcpMode           
0000176b  etherGetId                    
000017f5  etherGetIpAddress             
000018dd  etherGetIpGatewayAddress      
00001867  etherGetIpSubnetMask          
00001965  etherGetMacAddress            
000006a5  etherGetPacket                
00000f09  etherGetUdpData               
00001777  etherIncId                    
00000477  etherInit                     
00000bd1  etherIsArpRequest             
0000065b  etherIsDataAvailable          
00001f2f  etherIsDhcp                   
00001fbb  etherIsDhcpAck                
00001791  etherIsDhcpEnabled            
00001f81  etherIsDhcpOffer              
00000995  etherIsIp                     
00000a09  etherIsIpUnicast              
00001797  etherIsIpValid                
00000641  etherIsLinkUp                 
00000675  etherIsOverflow               
00000a71  etherIsPingRequest            
00001cdd  etherIsTcp                    
00001d29  etherIsTcpSyn                 
00000e69  etherIsUdp                    
00000791  etherPutPacket                
0000045f  etherReadMem                  
0000044d  etherReadMemStart             
0000046f  etherReadMemStop              
000003b3  etherReadPhy                  
000002c5  etherReadReg                  
00000d57  etherSendArpRequest           
00000c7d  etherSendArpResponse          
00000ab9  etherSendPingResponse         
00000f35  etherSendUdpResponse          
0000035f  etherSetBank                  
000020cf  etherSetDhcpTimers            
000017bd  etherSetIpAddress             
000018a5  etherSetIpGatewayAddress      
0000182f  etherSetIpSubnetMask          
0000191d  etherSetMacAddress            
000002f7  etherSetReg                   
00000873  etherSumWords                 
00000431  etherWriteMem                 
0000041f  etherWriteMemStart            
00000445  etherWriteMemStop             
0000037b  etherWritePhy                 
00000291  etherWriteReg                 
00003a8f  flash                         
00003ab5  flash2                        
00003adb  flash3                        
00003ae9  flash4                        
200015f4  fn                            
00004f39  frexp                         
00004f39  frexpl                        
00000000  g_pfnVectors                  
000008ed  getEtherChecksum              
0000359b  getPinValue                   
00003651  getPortValue                  
00003c35  getcUart0                     
00003c49  getsUart0                     
000019a5  htonl                         
00000971  htons                         
00001a57  initEeprom                    
00001a21  initHw                        
000043f5  initSpi0                      
000036e1  initTimer                     
00003b2d  initUart0                     
200016ac  ipAddress                     
200016b0  ipBcastAddress                
200016b4  ipGwAddress                   
200016b8  ipSubnetMask                  
00003d95  kbhitUart0                    
000048ed  ldexp                         
000048ed  ldexpl                        
00003ceb  lower_case                    
00004ff3  ltoa                          
2000169c  macAddress                    
200016a2  macBcastAddress               
00002181  main                          
00005301  memccpy                       
00004bab  memcpy                        
00004df1  memset                        
200016a8  nextPacketLsb                 
200016a9  nextPacketMsb                 
2000161c  period                        
00003bed  putcUart0                     
00003c09  putsUart0                     
000039db  random32                      
00001a9f  readEeprom                    
0000452d  readSpi0Data                  
00003a85  rebindState                   
2000166c  reload                        
00003a83  renewState                    
000038f3  restartTimer                  
000048ed  scalbn                        
000048ed  scalbnl                       
00001c4f  searchDhcpOptions             
00003147  selectPinAnalogInput          
000030f9  selectPinDigitalInput         
00003463  selectPinInterruptBothEdges   
00003413  selectPinInterruptFallingEdge 
000034b9  selectPinInterruptHighLevel   
000034f3  selectPinInterruptLowLevel    
000033c3  selectPinInterruptRisingEdge  
000030ab  selectPinOpenDrainOutput      
0000305d  selectPinPushPullOutput       
00001149  sendDhcpMessage               
00001da5  sendEtherTcpSynAck            
200016aa  sequenceId                    
00001ff5  setDhcpAddresses              
000010fb  setDhcpOption                 
000032b1  setPinAuxFunction             
00003197  setPinCommitControl           
00003575  setPinValue                   
000035cd  setPortValue                  
00004491  setSpi0BaudRate               
000044c7  setSpi0Mode                   
00003bc1  setUart0BaudRate              
00005171  sprintf                       
00003781  startOneshotTimer             
00003807  startPeriodicTimer            
0000388d  stopTimer                     
00005367  strchr                        
0000534f  strcmp                        
000052bd  strcspn                       
0000537d  strlen                        
00005293  strspn                        
000051b1  strtok                        
20001678  sum                           
00003961  tickIsr                       
20001644  ticks                         
00003a1d  waitForAck                    
000052e1  waitMicrosecond               
00005391  wcslen                        
00001a6d  writeEeprom                   
00004515  writeSpi0Data                 


GLOBAL SYMBOLS: SORTED BY Symbol Address 

address   name                          
-------   ----                          
00000000  __TI_static_base__            
00000000  g_pfnVectors                  
0000026d  etherCsOn                     
00000283  etherCsOff                    
00000291  etherWriteReg                 
000002c5  etherReadReg                  
000002f7  etherSetReg                   
0000032b  etherClearReg                 
0000035f  etherSetBank                  
0000037b  etherWritePhy                 
000003b3  etherReadPhy                  
0000041f  etherWriteMemStart            
00000431  etherWriteMem                 
00000445  etherWriteMemStop             
0000044d  etherReadMemStart             
0000045f  etherReadMem                  
0000046f  etherReadMemStop              
00000477  etherInit                     
00000641  etherIsLinkUp                 
0000065b  etherIsDataAvailable          
00000675  etherIsOverflow               
000006a5  etherGetPacket                
00000791  etherPutPacket                
00000873  etherSumWords                 
000008ed  getEtherChecksum              
00000939  etherCalcIpChecksum           
00000971  htons                         
00000995  etherIsIp                     
00000a09  etherIsIpUnicast              
00000a71  etherIsPingRequest            
00000ab9  etherSendPingResponse         
00000bd1  etherIsArpRequest             
00000c7d  etherSendArpResponse          
00000d57  etherSendArpRequest           
00000e69  etherIsUdp                    
00000f09  etherGetUdpData               
00000f35  etherSendUdpResponse          
00001000  __STACK_SIZE                  
000010fb  setDhcpOption                 
00001149  sendDhcpMessage               
0000176b  etherGetId                    
00001777  etherIncId                    
00001781  etherEnableDhcpMode           
00001789  etherDisableDhcpMode          
00001791  etherIsDhcpEnabled            
00001797  etherIsIpValid                
000017bd  etherSetIpAddress             
000017f5  etherGetIpAddress             
0000182f  etherSetIpSubnetMask          
00001867  etherGetIpSubnetMask          
000018a5  etherSetIpGatewayAddress      
000018dd  etherGetIpGatewayAddress      
0000191d  etherSetMacAddress            
00001965  etherGetMacAddress            
000019a5  htonl                         
00001a21  initHw                        
00001a57  initEeprom                    
00001a6d  writeEeprom                   
00001a9f  readEeprom                    
00001ac5  displayConnectionInfo         
00001c4f  searchDhcpOptions             
00001cdd  etherIsTcp                    
00001d29  etherIsTcpSyn                 
00001da5  sendEtherTcpSynAck            
00001f2f  etherIsDhcp                   
00001f81  etherIsDhcpOffer              
00001fbb  etherIsDhcpAck                
00001ff5  setDhcpAddresses              
000020cf  etherSetDhcpTimers            
00002181  main                          
000024d1  __TI_printfi                  
00002f1f  __aeabi_idiv0                 
00002f1f  __aeabi_ldiv0                 
00002f21  enablePort                    
00002fdd  disablePort                   
0000305d  selectPinPushPullOutput       
000030ab  selectPinOpenDrainOutput      
000030f9  selectPinDigitalInput         
00003147  selectPinAnalogInput          
00003197  setPinCommitControl           
00003213  enablePinPullup               
00003241  disablePinPullup              
00003265  enablePinPulldown             
00003289  disablePinPulldown            
000032b1  setPinAuxFunction             
000033c3  selectPinInterruptRisingEdge  
00003413  selectPinInterruptFallingEdge 
00003463  selectPinInterruptBothEdges   
000034b9  selectPinInterruptHighLevel   
000034f3  selectPinInterruptLowLevel    
0000352d  enablePinInterrupt            
00003551  disablePinInterrupt           
00003575  setPinValue                   
0000359b  getPinValue                   
000035cd  setPortValue                  
00003651  getPortValue                  
000036e1  initTimer                     
00003781  startOneshotTimer             
00003807  startPeriodicTimer            
0000388d  stopTimer                     
000038f3  restartTimer                  
00003961  tickIsr                       
000039db  random32                      
000039e1  discoverMessage               
00003a1d  waitForAck                    
00003a83  renewState                    
00003a85  rebindState                   
00003a87  ackTimer                      
00003a8f  flash                         
00003ab5  flash2                        
00003adb  flash3                        
00003ae9  flash4                        
00003b2d  initUart0                     
00003bc1  setUart0BaudRate              
00003bed  putcUart0                     
00003c09  putsUart0                     
00003c35  getcUart0                     
00003c49  getsUart0                     
00003ceb  lower_case                    
00003d2d  ParseFields                   
00003d95  kbhitUart0                    
0000423d  __aeabi_dsub                  
00004247  __aeabi_dadd                  
000043f5  initSpi0                      
00004491  setSpi0BaudRate               
000044c7  setSpi0Mode                   
00004515  writeSpi0Data                 
0000452d  readSpi0Data                  
00004691  __aeabi_ddiv                  
000048ed  ldexp                         
000048ed  ldexpl                        
000048ed  scalbn                        
000048ed  scalbnl                       
000049fd  __aeabi_dmul                  
00004bab  __aeabi_memcpy                
00004bab  __aeabi_memcpy4               
00004bab  __aeabi_memcpy8               
00004bab  memcpy                        
00004c47  __aeabi_uldivmod              
00004cdd  __aeabi_cdcmpeq               
00004cdd  __aeabi_cdcmple               
00004d63  __aeabi_cdrcmple              
00004de9  __aeabi_memclr                
00004de9  __aeabi_memclr4               
00004de9  __aeabi_memclr8               
00004deb  __aeabi_memset                
00004deb  __aeabi_memset4               
00004deb  __aeabi_memset8               
00004df1  memset                        
00004ed1  __TI_decompress_lzss          
00004f39  frexp                         
00004f39  frexpl                        
00004ff3  ltoa                          
00005099  atoi                          
000050e5  __aeabi_d2iz                  
0000512d  __TI_auto_init_nobinit_nopinit
00005171  sprintf                       
000051b1  strtok                        
00005231  _c_int00_noargs               
00005265  __aeabi_i2d                   
00005293  strspn                        
000052bd  strcspn                       
000052e1  waitMicrosecond               
00005301  memccpy                       
0000531d  copysign                      
0000531d  copysignl                     
0000534f  strcmp                        
00005367  strchr                        
0000537d  strlen                        
00005391  wcslen                        
000053a3  __TI_decompress_none          
000053b1  __TI_zero_init                
000053bd  ResetISR                      
000053d5  __aeabi_errno_addr            
000053dd  _system_pre_init              
000053e1  C$$EXIT                       
000053e1  abort                         
000053e4  _ctypes_                      
00005520  __TI_Handler_Table_Base       
0000552c  __TI_Handler_Table_Limit      
00005538  __TI_CINIT_Base               
00005548  __TI_CINIT_Limit              
20000000  __stack                       
20000200  __STACK_TOP                   
20001000  __STACK_END                   
20001000  data                          
200015f4  fn                            
2000161c  period                        
20001644  ticks                         
2000166c  reload                        
20001678  sum                           
2000167c  dhcpsm                        
2000169c  macAddress                    
200016a2  macBcastAddress               
200016a8  nextPacketLsb                 
200016a9  nextPacketMsb                 
200016aa  sequenceId                    
200016ab  dhcpEnabled                   
200016ac  ipAddress                     
200016b0  ipBcastAddress                
200016b4  ipGwAddress                   
200016b8  ipSubnetMask                  
200016bc  errno                         
ffffffff  __TI_pprof_out_hndl           
ffffffff  __TI_prof_data_size           
ffffffff  __TI_prof_data_start          
ffffffff  __binit__                     
ffffffff  __c_args__                    
ffffffff  binit                         
UNDEFED   __mpu_init                    
UNDEFED   _system_post_cinit            

[211 symbols]
