<?xml version="1.0" encoding="ISO-8859-1" ?>
<link_info>
   <banner>TI ARM Linker Unix v18.12.4.LTS</banner>
   <copyright>Copyright (c) 1996-2018 Texas Instruments Incorporated</copyright>
   <link_time>0x5e7a4dd2</link_time>
   <link_errors>0x0</link_errors>
   <output_file>dhcp_kaustubh.out</output_file>
   <entry_point>
      <name>_c_int00_noargs</name>
      <address>0x5231</address>
   </entry_point>
   <input_file_list>
      <input_file id="fl-1">
         <path>./</path>
         <kind>object</kind>
         <file>dhcp.obj</file>
         <name>dhcp.obj</name>
      </input_file>
      <input_file id="fl-2">
         <path>./</path>
         <kind>object</kind>
         <file>eth0.obj</file>
         <name>eth0.obj</name>
      </input_file>
      <input_file id="fl-3">
         <path>./</path>
         <kind>object</kind>
         <file>gpio.obj</file>
         <name>gpio.obj</name>
      </input_file>
      <input_file id="fl-4">
         <path>./</path>
         <kind>object</kind>
         <file>spi0.obj</file>
         <name>spi0.obj</name>
      </input_file>
      <input_file id="fl-5">
         <path>./</path>
         <kind>object</kind>
         <file>spi1.obj</file>
         <name>spi1.obj</name>
      </input_file>
      <input_file id="fl-6">
         <path>./</path>
         <kind>object</kind>
         <file>timer.obj</file>
         <name>timer.obj</name>
      </input_file>
      <input_file id="fl-7">
         <path>./</path>
         <kind>object</kind>
         <file>tm4c123gh6pm_startup_ccs.obj</file>
         <name>tm4c123gh6pm_startup_ccs.obj</name>
      </input_file>
      <input_file id="fl-8">
         <path>./</path>
         <kind>object</kind>
         <file>uart0.obj</file>
         <name>uart0.obj</name>
      </input_file>
      <input_file id="fl-9">
         <path>./</path>
         <kind>object</kind>
         <file>wait.obj</file>
         <name>wait.obj</name>
      </input_file>
      <input_file id="fl-d">
         <kind>object</kind>
         <file>&lt;internal&gt;</file>
         <name>&lt;internal&gt;</name>
      </input_file>
      <input_file id="fl-c3">
         <path>/opt/ti/ccs930/ccs/tools/compiler/ti-cgt-arm_18.12.4.LTS/lib/</path>
         <kind>archive</kind>
         <file>rtsv7M4_T_le_v4SPD16_eabi.lib</file>
         <name>sprintf.c.obj</name>
      </input_file>
      <input_file id="fl-c4">
         <path>/opt/ti/ccs930/ccs/tools/compiler/ti-cgt-arm_18.12.4.LTS/lib/</path>
         <kind>archive</kind>
         <file>rtsv7M4_T_le_v4SPD16_eabi.lib</file>
         <name>memcpy_t2.asm.obj</name>
      </input_file>
      <input_file id="fl-c5">
         <path>/opt/ti/ccs930/ccs/tools/compiler/ti-cgt-arm_18.12.4.LTS/lib/</path>
         <kind>archive</kind>
         <file>rtsv7M4_T_le_v4SPD16_eabi.lib</file>
         <name>memset_t2.asm.obj</name>
      </input_file>
      <input_file id="fl-c6">
         <path>/opt/ti/ccs930/ccs/tools/compiler/ti-cgt-arm_18.12.4.LTS/lib/</path>
         <kind>archive</kind>
         <file>rtsv7M4_T_le_v4SPD16_eabi.lib</file>
         <name>copy_zero_init.c.obj</name>
      </input_file>
      <input_file id="fl-c7">
         <path>/opt/ti/ccs930/ccs/tools/compiler/ti-cgt-arm_18.12.4.LTS/lib/</path>
         <kind>archive</kind>
         <file>rtsv7M4_T_le_v4SPD16_eabi.lib</file>
         <name>copy_decompress_none.c.obj</name>
      </input_file>
      <input_file id="fl-c8">
         <path>/opt/ti/ccs930/ccs/tools/compiler/ti-cgt-arm_18.12.4.LTS/lib/</path>
         <kind>archive</kind>
         <file>rtsv7M4_T_le_v4SPD16_eabi.lib</file>
         <name>copy_decompress_lzss.c.obj</name>
      </input_file>
      <input_file id="fl-c9">
         <path>/opt/ti/ccs930/ccs/tools/compiler/ti-cgt-arm_18.12.4.LTS/lib/</path>
         <kind>archive</kind>
         <file>rtsv7M4_T_le_v4SPD16_eabi.lib</file>
         <name>strcmp.c.obj</name>
      </input_file>
      <input_file id="fl-ca">
         <path>/opt/ti/ccs930/ccs/tools/compiler/ti-cgt-arm_18.12.4.LTS/lib/</path>
         <kind>archive</kind>
         <file>rtsv7M4_T_le_v4SPD16_eabi.lib</file>
         <name>strtok.c.obj</name>
      </input_file>
      <input_file id="fl-cb">
         <path>/opt/ti/ccs930/ccs/tools/compiler/ti-cgt-arm_18.12.4.LTS/lib/</path>
         <kind>archive</kind>
         <file>rtsv7M4_T_le_v4SPD16_eabi.lib</file>
         <name>boot_cortex_m.c.obj</name>
      </input_file>
      <input_file id="fl-cc">
         <path>/opt/ti/ccs930/ccs/tools/compiler/ti-cgt-arm_18.12.4.LTS/lib/</path>
         <kind>archive</kind>
         <file>rtsv7M4_T_le_v4SPD16_eabi.lib</file>
         <name>_printfi.c.obj</name>
      </input_file>
      <input_file id="fl-cd">
         <path>/opt/ti/ccs930/ccs/tools/compiler/ti-cgt-arm_18.12.4.LTS/lib/</path>
         <kind>archive</kind>
         <file>rtsv7M4_T_le_v4SPD16_eabi.lib</file>
         <name>fd_add_t2.asm.obj</name>
      </input_file>
      <input_file id="fl-ce">
         <path>/opt/ti/ccs930/ccs/tools/compiler/ti-cgt-arm_18.12.4.LTS/lib/</path>
         <kind>archive</kind>
         <file>rtsv7M4_T_le_v4SPD16_eabi.lib</file>
         <name>fd_cmp_t2.asm.obj</name>
      </input_file>
      <input_file id="fl-cf">
         <path>/opt/ti/ccs930/ccs/tools/compiler/ti-cgt-arm_18.12.4.LTS/lib/</path>
         <kind>archive</kind>
         <file>rtsv7M4_T_le_v4SPD16_eabi.lib</file>
         <name>fd_div_t2.asm.obj</name>
      </input_file>
      <input_file id="fl-d0">
         <path>/opt/ti/ccs930/ccs/tools/compiler/ti-cgt-arm_18.12.4.LTS/lib/</path>
         <kind>archive</kind>
         <file>rtsv7M4_T_le_v4SPD16_eabi.lib</file>
         <name>fd_mul_t2.asm.obj</name>
      </input_file>
      <input_file id="fl-d1">
         <path>/opt/ti/ccs930/ccs/tools/compiler/ti-cgt-arm_18.12.4.LTS/lib/</path>
         <kind>archive</kind>
         <file>rtsv7M4_T_le_v4SPD16_eabi.lib</file>
         <name>fd_toi_t2.asm.obj</name>
      </input_file>
      <input_file id="fl-d2">
         <path>/opt/ti/ccs930/ccs/tools/compiler/ti-cgt-arm_18.12.4.LTS/lib/</path>
         <kind>archive</kind>
         <file>rtsv7M4_T_le_v4SPD16_eabi.lib</file>
         <name>i_tofd_t2.asm.obj</name>
      </input_file>
      <input_file id="fl-d3">
         <path>/opt/ti/ccs930/ccs/tools/compiler/ti-cgt-arm_18.12.4.LTS/lib/</path>
         <kind>archive</kind>
         <file>rtsv7M4_T_le_v4SPD16_eabi.lib</file>
         <name>ull_div_t2.asm.obj</name>
      </input_file>
      <input_file id="fl-d4">
         <path>/opt/ti/ccs930/ccs/tools/compiler/ti-cgt-arm_18.12.4.LTS/lib/</path>
         <kind>archive</kind>
         <file>rtsv7M4_T_le_v4SPD16_eabi.lib</file>
         <name>autoinit.c.obj</name>
      </input_file>
      <input_file id="fl-d5">
         <path>/opt/ti/ccs930/ccs/tools/compiler/ti-cgt-arm_18.12.4.LTS/lib/</path>
         <kind>archive</kind>
         <file>rtsv7M4_T_le_v4SPD16_eabi.lib</file>
         <name>pre_init.c.obj</name>
      </input_file>
      <input_file id="fl-d6">
         <path>/opt/ti/ccs930/ccs/tools/compiler/ti-cgt-arm_18.12.4.LTS/lib/</path>
         <kind>archive</kind>
         <file>rtsv7M4_T_le_v4SPD16_eabi.lib</file>
         <name>cpy_tbl.c.obj</name>
      </input_file>
      <input_file id="fl-d7">
         <path>/opt/ti/ccs930/ccs/tools/compiler/ti-cgt-arm_18.12.4.LTS/lib/</path>
         <kind>archive</kind>
         <file>rtsv7M4_T_le_v4SPD16_eabi.lib</file>
         <name>exit.c.obj</name>
      </input_file>
      <input_file id="fl-d8">
         <path>/opt/ti/ccs930/ccs/tools/compiler/ti-cgt-arm_18.12.4.LTS/lib/</path>
         <kind>archive</kind>
         <file>rtsv7M4_T_le_v4SPD16_eabi.lib</file>
         <name>_lock.c.obj</name>
      </input_file>
      <input_file id="fl-d9">
         <path>/opt/ti/ccs930/ccs/tools/compiler/ti-cgt-arm_18.12.4.LTS/lib/</path>
         <kind>archive</kind>
         <file>rtsv7M4_T_le_v4SPD16_eabi.lib</file>
         <name>args_main.c.obj</name>
      </input_file>
      <input_file id="fl-da">
         <path>/opt/ti/ccs930/ccs/tools/compiler/ti-cgt-arm_18.12.4.LTS/lib/</path>
         <kind>archive</kind>
         <file>rtsv7M4_T_le_v4SPD16_eabi.lib</file>
         <name>atoi.c.obj</name>
      </input_file>
      <input_file id="fl-db">
         <path>/opt/ti/ccs930/ccs/tools/compiler/ti-cgt-arm_18.12.4.LTS/lib/</path>
         <kind>archive</kind>
         <file>rtsv7M4_T_le_v4SPD16_eabi.lib</file>
         <name>ctype.c.obj</name>
      </input_file>
      <input_file id="fl-dc">
         <path>/opt/ti/ccs930/ccs/tools/compiler/ti-cgt-arm_18.12.4.LTS/lib/</path>
         <kind>archive</kind>
         <file>rtsv7M4_T_le_v4SPD16_eabi.lib</file>
         <name>ltoa.c.obj</name>
      </input_file>
      <input_file id="fl-dd">
         <path>/opt/ti/ccs930/ccs/tools/compiler/ti-cgt-arm_18.12.4.LTS/lib/</path>
         <kind>archive</kind>
         <file>rtsv7M4_T_le_v4SPD16_eabi.lib</file>
         <name>memccpy.c.obj</name>
      </input_file>
      <input_file id="fl-de">
         <path>/opt/ti/ccs930/ccs/tools/compiler/ti-cgt-arm_18.12.4.LTS/lib/</path>
         <kind>archive</kind>
         <file>rtsv7M4_T_le_v4SPD16_eabi.lib</file>
         <name>strchr.c.obj</name>
      </input_file>
      <input_file id="fl-df">
         <path>/opt/ti/ccs930/ccs/tools/compiler/ti-cgt-arm_18.12.4.LTS/lib/</path>
         <kind>archive</kind>
         <file>rtsv7M4_T_le_v4SPD16_eabi.lib</file>
         <name>strcspn.c.obj</name>
      </input_file>
      <input_file id="fl-e0">
         <path>/opt/ti/ccs930/ccs/tools/compiler/ti-cgt-arm_18.12.4.LTS/lib/</path>
         <kind>archive</kind>
         <file>rtsv7M4_T_le_v4SPD16_eabi.lib</file>
         <name>strlen.c.obj</name>
      </input_file>
      <input_file id="fl-e1">
         <path>/opt/ti/ccs930/ccs/tools/compiler/ti-cgt-arm_18.12.4.LTS/lib/</path>
         <kind>archive</kind>
         <file>rtsv7M4_T_le_v4SPD16_eabi.lib</file>
         <name>strspn.c.obj</name>
      </input_file>
      <input_file id="fl-e2">
         <path>/opt/ti/ccs930/ccs/tools/compiler/ti-cgt-arm_18.12.4.LTS/lib/</path>
         <kind>archive</kind>
         <file>rtsv7M4_T_le_v4SPD16_eabi.lib</file>
         <name>errno.c.obj</name>
      </input_file>
      <input_file id="fl-e3">
         <path>/opt/ti/ccs930/ccs/tools/compiler/ti-cgt-arm_18.12.4.LTS/lib/</path>
         <kind>archive</kind>
         <file>rtsv7M4_T_le_v4SPD16_eabi.lib</file>
         <name>wcslen.c.obj</name>
      </input_file>
      <input_file id="fl-e4">
         <path>/opt/ti/ccs930/ccs/tools/compiler/ti-cgt-arm_18.12.4.LTS/lib/</path>
         <kind>archive</kind>
         <file>rtsv7M4_T_le_v4SPD16_eabi.lib</file>
         <name>s_frexp.c.obj</name>
      </input_file>
      <input_file id="fl-e5">
         <path>/opt/ti/ccs930/ccs/tools/compiler/ti-cgt-arm_18.12.4.LTS/lib/</path>
         <kind>archive</kind>
         <file>rtsv7M4_T_le_v4SPD16_eabi.lib</file>
         <name>s_scalbn.c.obj</name>
      </input_file>
      <input_file id="fl-e6">
         <path>/opt/ti/ccs930/ccs/tools/compiler/ti-cgt-arm_18.12.4.LTS/lib/</path>
         <kind>archive</kind>
         <file>rtsv7M4_T_le_v4SPD16_eabi.lib</file>
         <name>div0.asm.obj</name>
      </input_file>
      <input_file id="fl-e7">
         <path>/opt/ti/ccs930/ccs/tools/compiler/ti-cgt-arm_18.12.4.LTS/lib/</path>
         <kind>archive</kind>
         <file>rtsv7M4_T_le_v4SPD16_eabi.lib</file>
         <name>s_copysign.c.obj</name>
      </input_file>
   </input_file_list>
   <object_component_list>
      <object_component id="oc-f">
         <name>.intvecs</name>
         <load_address>0x0</load_address>
         <run_address>0x0</run_address>
         <size>0x26c</size>
         <input_file_ref idref="fl-7"/>
      </object_component>
      <object_component id="oc-71">
         <name>.text</name>
         <load_address>0x26c</load_address>
         <run_address>0x26c</run_address>
         <size>0x17b4</size>
         <input_file_ref idref="fl-2"/>
      </object_component>
      <object_component id="oc-89">
         <name>.text</name>
         <load_address>0x1a20</load_address>
         <run_address>0x1a20</run_address>
         <size>0xab0</size>
         <input_file_ref idref="fl-1"/>
      </object_component>
      <object_component id="oc-1aa">
         <name>.text:__TI_printfi</name>
         <load_address>0x24d0</load_address>
         <run_address>0x24d0</run_address>
         <size>0xa4e</size>
         <input_file_ref idref="fl-cc"/>
      </object_component>
      <object_component id="oc-30d">
         <name>.text</name>
         <load_address>0x2f1e</load_address>
         <run_address>0x2f1e</run_address>
         <size>0x2</size>
         <input_file_ref idref="fl-e6"/>
      </object_component>
      <object_component id="oc-7d">
         <name>.text</name>
         <load_address>0x2f20</load_address>
         <run_address>0x2f20</run_address>
         <size>0x7c0</size>
         <input_file_ref idref="fl-3"/>
      </object_component>
      <object_component id="oc-2a">
         <name>.text</name>
         <load_address>0x36e0</load_address>
         <run_address>0x36e0</run_address>
         <size>0x44c</size>
         <input_file_ref idref="fl-6"/>
      </object_component>
      <object_component id="oc-113">
         <name>.text</name>
         <load_address>0x3b2c</load_address>
         <run_address>0x3b2c</run_address>
         <size>0x2d0</size>
         <input_file_ref idref="fl-8"/>
      </object_component>
      <object_component id="oc-221">
         <name>.text:_pconv_a</name>
         <load_address>0x3dfc</load_address>
         <run_address>0x3dfc</run_address>
         <size>0x270</size>
         <input_file_ref idref="fl-cc"/>
      </object_component>
      <object_component id="oc-20f">
         <name>.text:_pconv_g</name>
         <load_address>0x406c</load_address>
         <run_address>0x406c</run_address>
         <size>0x1d0</size>
         <input_file_ref idref="fl-cc"/>
      </object_component>
      <object_component id="oc-2a1">
         <name>.text</name>
         <load_address>0x423c</load_address>
         <run_address>0x423c</run_address>
         <size>0x1b6</size>
         <input_file_ref idref="fl-cd"/>
      </object_component>
      <object_component id="oc-d9">
         <name>.text</name>
         <load_address>0x43f4</load_address>
         <run_address>0x43f4</run_address>
         <size>0x160</size>
         <input_file_ref idref="fl-4"/>
      </object_component>
      <object_component id="oc-21b">
         <name>.text:_pconv_e</name>
         <load_address>0x4554</load_address>
         <run_address>0x4554</run_address>
         <size>0x13c</size>
         <input_file_ref idref="fl-cc"/>
      </object_component>
      <object_component id="oc-287">
         <name>.text</name>
         <load_address>0x4690</load_address>
         <run_address>0x4690</run_address>
         <size>0x136</size>
         <input_file_ref idref="fl-cf"/>
      </object_component>
      <object_component id="oc-2b3">
         <name>.text:fcvt</name>
         <load_address>0x47c8</load_address>
         <run_address>0x47c8</run_address>
         <size>0x124</size>
         <input_file_ref idref="fl-cc"/>
      </object_component>
      <object_component id="oc-2c7">
         <name>.text:scalbn</name>
         <load_address>0x48ec</load_address>
         <run_address>0x48ec</run_address>
         <size>0x110</size>
         <input_file_ref idref="fl-e5"/>
      </object_component>
      <object_component id="oc-282">
         <name>.text</name>
         <load_address>0x49fc</load_address>
         <run_address>0x49fc</run_address>
         <size>0xfc</size>
         <input_file_ref idref="fl-d0"/>
      </object_component>
      <object_component id="oc-204">
         <name>.text:_ltostr</name>
         <load_address>0x4af8</load_address>
         <run_address>0x4af8</run_address>
         <size>0xb1</size>
         <input_file_ref idref="fl-cc"/>
      </object_component>
      <object_component id="oc-3e">
         <name>.text</name>
         <load_address>0x4baa</load_address>
         <run_address>0x4baa</run_address>
         <size>0x9c</size>
         <input_file_ref idref="fl-c4"/>
      </object_component>
      <object_component id="oc-27b">
         <name>.text</name>
         <load_address>0x4c46</load_address>
         <run_address>0x4c46</run_address>
         <size>0x96</size>
         <input_file_ref idref="fl-d3"/>
      </object_component>
      <object_component id="oc-20a">
         <name>.text:__aeabi_cdcmple</name>
         <load_address>0x4cdc</load_address>
         <run_address>0x4cdc</run_address>
         <size>0x86</size>
         <input_file_ref idref="fl-ce"/>
      </object_component>
      <object_component id="oc-28c">
         <name>.text:__aeabi_cdrcmple</name>
         <load_address>0x4d62</load_address>
         <run_address>0x4d62</run_address>
         <size>0x86</size>
         <input_file_ref idref="fl-ce"/>
      </object_component>
      <object_component id="oc-c1">
         <name>.text</name>
         <load_address>0x4de8</load_address>
         <run_address>0x4de8</run_address>
         <size>0x7a</size>
         <input_file_ref idref="fl-c5"/>
      </object_component>
      <object_component id="oc-2ac">
         <name>.text:_mcpy</name>
         <load_address>0x4e62</load_address>
         <run_address>0x4e62</run_address>
         <size>0x6e</size>
         <input_file_ref idref="fl-cc"/>
      </object_component>
      <object_component id="oc-12">
         <name>.text:decompress:lzss:__TI_decompress_lzss</name>
         <load_address>0x4ed0</load_address>
         <run_address>0x4ed0</run_address>
         <size>0x68</size>
         <input_file_ref idref="fl-c8"/>
      </object_component>
      <object_component id="oc-2c1">
         <name>.text:frexp</name>
         <load_address>0x4f38</load_address>
         <run_address>0x4f38</run_address>
         <size>0x64</size>
         <input_file_ref idref="fl-e4"/>
      </object_component>
      <object_component id="oc-215">
         <name>.text:_pconv_f</name>
         <load_address>0x4f9c</load_address>
         <run_address>0x4f9c</run_address>
         <size>0x56</size>
         <input_file_ref idref="fl-cc"/>
      </object_component>
      <object_component id="oc-296">
         <name>.text:ltoa</name>
         <load_address>0x4ff2</load_address>
         <run_address>0x4ff2</run_address>
         <size>0x54</size>
         <input_file_ref idref="fl-dc"/>
      </object_component>
      <object_component id="oc-2a6">
         <name>.text:_ecpy</name>
         <load_address>0x5046</load_address>
         <run_address>0x5046</run_address>
         <size>0x52</size>
         <input_file_ref idref="fl-cc"/>
      </object_component>
      <object_component id="oc-1fe">
         <name>.text:atoi</name>
         <load_address>0x5098</load_address>
         <run_address>0x5098</run_address>
         <size>0x4c</size>
         <input_file_ref idref="fl-da"/>
      </object_component>
      <object_component id="oc-291">
         <name>.text</name>
         <load_address>0x50e4</load_address>
         <run_address>0x50e4</run_address>
         <size>0x48</size>
         <input_file_ref idref="fl-d1"/>
      </object_component>
      <object_component id="oc-155">
         <name>.text:__TI_auto_init_nobinit_nopinit:__TI_auto_init_nobinit_nopinit</name>
         <load_address>0x512c</load_address>
         <run_address>0x512c</run_address>
         <size>0x44</size>
         <input_file_ref idref="fl-d4"/>
      </object_component>
      <object_component id="oc-119">
         <name>.text:sprintf</name>
         <load_address>0x5170</load_address>
         <run_address>0x5170</run_address>
         <size>0x40</size>
         <input_file_ref idref="fl-c3"/>
      </object_component>
      <object_component id="oc-1a2">
         <name>.text:strtok</name>
         <load_address>0x51b0</load_address>
         <run_address>0x51b0</run_address>
         <size>0x40</size>
         <input_file_ref idref="fl-ca"/>
      </object_component>
      <object_component id="oc-2b9">
         <name>.text:_fcpy</name>
         <load_address>0x51f0</load_address>
         <run_address>0x51f0</run_address>
         <size>0x3e</size>
         <input_file_ref idref="fl-cc"/>
      </object_component>
      <object_component id="oc-5c">
         <name>.text:_c_int00_noargs:_c_int00_noargs</name>
         <load_address>0x5230</load_address>
         <run_address>0x5230</run_address>
         <size>0x34</size>
         <input_file_ref idref="fl-cb"/>
      </object_component>
      <object_component id="oc-29c">
         <name>.text</name>
         <load_address>0x5264</load_address>
         <run_address>0x5264</run_address>
         <size>0x2e</size>
         <input_file_ref idref="fl-d2"/>
      </object_component>
      <object_component id="oc-1e5">
         <name>.text:strspn</name>
         <load_address>0x5292</load_address>
         <run_address>0x5292</run_address>
         <size>0x2a</size>
         <input_file_ref idref="fl-e1"/>
      </object_component>
      <object_component id="oc-1eb">
         <name>.text:strcspn</name>
         <load_address>0x52bc</load_address>
         <run_address>0x52bc</run_address>
         <size>0x24</size>
         <input_file_ref idref="fl-df"/>
      </object_component>
      <object_component id="oc-83">
         <name>.text</name>
         <load_address>0x52e0</load_address>
         <run_address>0x52e0</run_address>
         <size>0x20</size>
         <input_file_ref idref="fl-9"/>
      </object_component>
      <object_component id="oc-227">
         <name>.text:memccpy</name>
         <load_address>0x5300</load_address>
         <run_address>0x5300</run_address>
         <size>0x1c</size>
         <input_file_ref idref="fl-dd"/>
      </object_component>
      <object_component id="oc-326">
         <name>.text:copysign</name>
         <load_address>0x531c</load_address>
         <run_address>0x531c</run_address>
         <size>0x1a</size>
         <input_file_ref idref="fl-e7"/>
      </object_component>
      <object_component id="oc-1b0">
         <name>.text:_outs</name>
         <load_address>0x5336</load_address>
         <run_address>0x5336</run_address>
         <size>0x18</size>
         <input_file_ref idref="fl-c3"/>
      </object_component>
      <object_component id="oc-11f">
         <name>.text:strcmp</name>
         <load_address>0x534e</load_address>
         <run_address>0x534e</run_address>
         <size>0x18</size>
         <input_file_ref idref="fl-c9"/>
      </object_component>
      <object_component id="oc-2cd">
         <name>.text:strchr</name>
         <load_address>0x5366</load_address>
         <run_address>0x5366</run_address>
         <size>0x16</size>
         <input_file_ref idref="fl-de"/>
      </object_component>
      <object_component id="oc-1f8">
         <name>.text:strlen</name>
         <load_address>0x537c</load_address>
         <run_address>0x537c</run_address>
         <size>0x14</size>
         <input_file_ref idref="fl-e0"/>
      </object_component>
      <object_component id="oc-22d">
         <name>.text:wcslen</name>
         <load_address>0x5390</load_address>
         <run_address>0x5390</run_address>
         <size>0x12</size>
         <input_file_ref idref="fl-e3"/>
      </object_component>
      <object_component id="oc-18">
         <name>.text:decompress:none:__TI_decompress_none</name>
         <load_address>0x53a2</load_address>
         <run_address>0x53a2</run_address>
         <size>0xe</size>
         <input_file_ref idref="fl-c7"/>
      </object_component>
      <object_component id="oc-50">
         <name>.text:decompress:ZI:__TI_zero_init</name>
         <load_address>0x53b0</load_address>
         <run_address>0x53b0</run_address>
         <size>0xc</size>
         <input_file_ref idref="fl-c6"/>
      </object_component>
      <object_component id="oc-24">
         <name>.text</name>
         <load_address>0x53bc</load_address>
         <run_address>0x53bc</run_address>
         <size>0xc</size>
         <input_file_ref idref="fl-7"/>
      </object_component>
      <object_component id="oc-1b6">
         <name>.text:_outc</name>
         <load_address>0x53c8</load_address>
         <run_address>0x53c8</run_address>
         <size>0xa</size>
         <input_file_ref idref="fl-c3"/>
      </object_component>
      <object_component id="oc-233">
         <name>.text:__aeabi_errno_addr</name>
         <load_address>0x53d4</load_address>
         <run_address>0x53d4</run_address>
         <size>0x8</size>
         <input_file_ref idref="fl-e2"/>
      </object_component>
      <object_component id="oc-c7">
         <name>.text:_system_pre_init</name>
         <load_address>0x53dc</load_address>
         <run_address>0x53dc</run_address>
         <size>0x4</size>
         <input_file_ref idref="fl-d5"/>
      </object_component>
      <object_component id="oc-149">
         <name>.text:abort:abort</name>
         <load_address>0x53e0</load_address>
         <run_address>0x53e0</run_address>
         <size>0x4</size>
         <input_file_ref idref="fl-d7"/>
      </object_component>
      <object_component id="oc-276">
         <name>.const:.string:_ctypes_</name>
         <load_address>0x53e4</load_address>
         <run_address>0x53e4</run_address>
         <size>0x101</size>
         <input_file_ref idref="fl-db"/>
      </object_component>
      <object_component id="oc-f1">
         <name>.const:.string:$P$T2$3</name>
         <load_address>0x54e5</load_address>
         <run_address>0x54e5</run_address>
         <size>0xb</size>
         <input_file_ref idref="fl-2"/>
      </object_component>
      <object_component id="oc-ee">
         <name>.const:.string:$P$T1$2</name>
         <load_address>0x54f0</load_address>
         <run_address>0x54f0</run_address>
         <size>0x7</size>
         <input_file_ref idref="fl-2"/>
      </object_component>
      <object_component id="oc-eb">
         <name>.const:.string:$P$T0$1</name>
         <load_address>0x54f7</load_address>
         <run_address>0x54f7</run_address>
         <size>0x4</size>
         <input_file_ref idref="fl-2"/>
      </object_component>
      <object_component id="oc-f4">
         <name>.const:.string:$P$T3$4</name>
         <load_address>0x54fb</load_address>
         <run_address>0x54fb</run_address>
         <size>0x4</size>
         <input_file_ref idref="fl-2"/>
      </object_component>
      <object_component id="oc-37c">
         <name>.cinit..data.load</name>
         <load_address>0x5500</load_address>
         <run_address>0x5500</run_address>
         <size>0x1f</size>
      </object_component>
      <object_component id="oc-37a">
         <name>__TI_handler_table</name>
         <load_address>0x5520</load_address>
         <run_address>0x5520</run_address>
         <size>0xc</size>
      </object_component>
      <object_component id="oc-37d">
         <name>.cinit..bss.load</name>
         <load_address>0x5530</load_address>
         <run_address>0x5530</run_address>
         <size>0x8</size>
      </object_component>
      <object_component id="oc-37b">
         <name>__TI_cinit_table</name>
         <load_address>0x5538</load_address>
         <run_address>0x5538</run_address>
         <size>0x10</size>
      </object_component>
      <object_component id="oc-92">
         <name>.data:dhcpsm</name>
         <load_address>0x2000167c</load_address>
         <run_address>0x2000167c</run_address>
         <size>0x20</size>
         <input_file_ref idref="fl-2"/>
      </object_component>
      <object_component id="oc-e2">
         <name>.data</name>
         <load_address>0x200016a8</load_address>
         <run_address>0x200016a8</run_address>
         <size>0x4</size>
         <input_file_ref idref="fl-2"/>
      </object_component>
      <object_component id="oc-df">
         <name>.data:macAddress</name>
         <load_address>0x2000169c</load_address>
         <run_address>0x2000169c</run_address>
         <size>0x6</size>
         <input_file_ref idref="fl-2"/>
      </object_component>
      <object_component id="oc-e8">
         <name>.data:ipAddress</name>
         <load_address>0x200016ac</load_address>
         <run_address>0x200016ac</run_address>
         <size>0x4</size>
         <input_file_ref idref="fl-2"/>
      </object_component>
      <object_component id="oc-fd">
         <name>.data:ipSubnetMask</name>
         <load_address>0x200016b8</load_address>
         <run_address>0x200016b8</run_address>
         <size>0x4</size>
         <input_file_ref idref="fl-2"/>
      </object_component>
      <object_component id="oc-100">
         <name>.data:ipGwAddress</name>
         <load_address>0x200016b4</load_address>
         <run_address>0x200016b4</run_address>
         <size>0x4</size>
         <input_file_ref idref="fl-2"/>
      </object_component>
      <object_component id="oc-f7">
         <name>.data:ipBcastAddress</name>
         <load_address>0x200016b0</load_address>
         <run_address>0x200016b0</run_address>
         <size>0x4</size>
         <input_file_ref idref="fl-2"/>
      </object_component>
      <object_component id="oc-fa">
         <name>.data:macBcastAddress</name>
         <load_address>0x200016a2</load_address>
         <run_address>0x200016a2</run_address>
         <size>0x6</size>
         <input_file_ref idref="fl-2"/>
      </object_component>
      <object_component id="oc-1f1">
         <name>.data</name>
         <load_address>0x200016c0</load_address>
         <run_address>0x200016c0</run_address>
         <size>0x4</size>
         <input_file_ref idref="fl-ca"/>
      </object_component>
      <object_component id="oc-2dd">
         <name>.data</name>
         <load_address>0x200016bc</load_address>
         <run_address>0x200016bc</run_address>
         <size>0x4</size>
         <input_file_ref idref="fl-e2"/>
      </object_component>
      <object_component id="oc-8f">
         <name>.common:data</name>
         <uninitialized>true</uninitialized>
         <run_address>0x20001000</run_address>
         <size>0x5f4</size>
      </object_component>
      <object_component id="oc-e5">
         <name>.common:sum</name>
         <uninitialized>true</uninitialized>
         <run_address>0x20001678</run_address>
         <size>0x4</size>
      </object_component>
      <object_component id="oc-7b">
         <name>.common:fn</name>
         <uninitialized>true</uninitialized>
         <run_address>0x200015f4</run_address>
         <size>0x28</size>
      </object_component>
      <object_component id="oc-77">
         <name>.common:period</name>
         <uninitialized>true</uninitialized>
         <run_address>0x2000161c</run_address>
         <size>0x28</size>
      </object_component>
      <object_component id="oc-7a">
         <name>.common:ticks</name>
         <uninitialized>true</uninitialized>
         <run_address>0x20001644</run_address>
         <size>0x28</size>
      </object_component>
      <object_component id="oc-7c">
         <name>.common:reload</name>
         <uninitialized>true</uninitialized>
         <run_address>0x2000166c</run_address>
         <size>0xc</size>
      </object_component>
      <object_component id="oc-21">
         <name>.stack</name>
         <uninitialized>true</uninitialized>
         <run_address>0x20000000</run_address>
         <size>0x4</size>
         <input_file_ref idref="fl-cb"/>
      </object_component>
      <object_component id="oc-37e">
         <name>.stack</name>
         <uninitialized>true</uninitialized>
         <run_address>0x20000000</run_address>
         <size>0x0</size>
      </object_component>
      <object_component id="oc-90">
         <name>.debug_info</name>
         <load_address>0x0</load_address>
         <run_address>0x0</run_address>
         <size>0xbc5</size>
         <input_file_ref idref="fl-1"/>
      </object_component>
      <object_component id="oc-8a">
         <name>.debug_info</name>
         <load_address>0xbc5</load_address>
         <run_address>0xbc5</run_address>
         <size>0x137e</size>
         <input_file_ref idref="fl-1"/>
      </object_component>
      <object_component id="oc-a7">
         <name>.debug_info</name>
         <load_address>0x1f43</load_address>
         <run_address>0x1f43</run_address>
         <size>0x26b</size>
         <input_file_ref idref="fl-1"/>
      </object_component>
      <object_component id="oc-10b">
         <name>.debug_info</name>
         <load_address>0x21ae</load_address>
         <run_address>0x21ae</run_address>
         <size>0x88</size>
         <input_file_ref idref="fl-1"/>
      </object_component>
      <object_component id="oc-126">
         <name>.debug_info</name>
         <load_address>0x2236</load_address>
         <run_address>0x2236</run_address>
         <size>0x76</size>
         <input_file_ref idref="fl-1"/>
      </object_component>
      <object_component id="oc-9b">
         <name>.debug_info</name>
         <load_address>0x22ac</load_address>
         <run_address>0x22ac</run_address>
         <size>0x8b</size>
         <input_file_ref idref="fl-1"/>
      </object_component>
      <object_component id="oc-a0">
         <name>.debug_info</name>
         <load_address>0x2337</load_address>
         <run_address>0x2337</run_address>
         <size>0x2c</size>
         <input_file_ref idref="fl-1"/>
      </object_component>
      <object_component id="oc-134">
         <name>.debug_info</name>
         <load_address>0x2363</load_address>
         <run_address>0x2363</run_address>
         <size>0x297</size>
         <input_file_ref idref="fl-1"/>
      </object_component>
      <object_component id="oc-96">
         <name>.debug_info</name>
         <load_address>0x25fa</load_address>
         <run_address>0x25fa</run_address>
         <size>0xbb</size>
         <input_file_ref idref="fl-1"/>
      </object_component>
      <object_component id="oc-1be">
         <name>.debug_info</name>
         <load_address>0x26b5</load_address>
         <run_address>0x26b5</run_address>
         <size>0x2c</size>
         <input_file_ref idref="fl-1"/>
      </object_component>
      <object_component id="oc-12d">
         <name>.debug_info</name>
         <load_address>0x26e1</load_address>
         <run_address>0x26e1</run_address>
         <size>0x5d5</size>
         <input_file_ref idref="fl-1"/>
      </object_component>
      <object_component id="oc-106">
         <name>.debug_info</name>
         <load_address>0x2cb6</load_address>
         <run_address>0x2cb6</run_address>
         <size>0xda</size>
         <input_file_ref idref="fl-1"/>
      </object_component>
      <object_component id="oc-e6">
         <name>.debug_info</name>
         <load_address>0x2d90</load_address>
         <run_address>0x2d90</run_address>
         <size>0x52e</size>
         <input_file_ref idref="fl-2"/>
      </object_component>
      <object_component id="oc-93">
         <name>.debug_info</name>
         <load_address>0x32be</load_address>
         <run_address>0x32be</run_address>
         <size>0xce</size>
         <input_file_ref idref="fl-2"/>
      </object_component>
      <object_component id="oc-e3">
         <name>.debug_info</name>
         <load_address>0x338c</load_address>
         <run_address>0x338c</run_address>
         <size>0x153</size>
         <input_file_ref idref="fl-2"/>
      </object_component>
      <object_component id="oc-e0">
         <name>.debug_info</name>
         <load_address>0x34df</load_address>
         <run_address>0x34df</run_address>
         <size>0xd6</size>
         <input_file_ref idref="fl-2"/>
      </object_component>
      <object_component id="oc-e9">
         <name>.debug_info</name>
         <load_address>0x35b5</load_address>
         <run_address>0x35b5</run_address>
         <size>0xd4</size>
         <input_file_ref idref="fl-2"/>
      </object_component>
      <object_component id="oc-fe">
         <name>.debug_info</name>
         <load_address>0x3689</load_address>
         <run_address>0x3689</run_address>
         <size>0xda</size>
         <input_file_ref idref="fl-2"/>
      </object_component>
      <object_component id="oc-101">
         <name>.debug_info</name>
         <load_address>0x3763</load_address>
         <run_address>0x3763</run_address>
         <size>0xd8</size>
         <input_file_ref idref="fl-2"/>
      </object_component>
      <object_component id="oc-f8">
         <name>.debug_info</name>
         <load_address>0x383b</load_address>
         <run_address>0x383b</run_address>
         <size>0xde</size>
         <input_file_ref idref="fl-2"/>
      </object_component>
      <object_component id="oc-fb">
         <name>.debug_info</name>
         <load_address>0x3919</load_address>
         <run_address>0x3919</run_address>
         <size>0xe0</size>
         <input_file_ref idref="fl-2"/>
      </object_component>
      <object_component id="oc-ec">
         <name>.debug_info</name>
         <load_address>0x39f9</load_address>
         <run_address>0x39f9</run_address>
         <size>0xd0</size>
         <input_file_ref idref="fl-2"/>
      </object_component>
      <object_component id="oc-ef">
         <name>.debug_info</name>
         <load_address>0x3ac9</load_address>
         <run_address>0x3ac9</run_address>
         <size>0xd0</size>
         <input_file_ref idref="fl-2"/>
      </object_component>
      <object_component id="oc-f2">
         <name>.debug_info</name>
         <load_address>0x3b99</load_address>
         <run_address>0x3b99</run_address>
         <size>0xd0</size>
         <input_file_ref idref="fl-2"/>
      </object_component>
      <object_component id="oc-f5">
         <name>.debug_info</name>
         <load_address>0x3c69</load_address>
         <run_address>0x3c69</run_address>
         <size>0xd0</size>
         <input_file_ref idref="fl-2"/>
      </object_component>
      <object_component id="oc-72">
         <name>.debug_info</name>
         <load_address>0x3d39</load_address>
         <run_address>0x3d39</run_address>
         <size>0x310f</size>
         <input_file_ref idref="fl-2"/>
      </object_component>
      <object_component id="oc-111">
         <name>.debug_info</name>
         <load_address>0x6e48</load_address>
         <run_address>0x6e48</run_address>
         <size>0x263</size>
         <input_file_ref idref="fl-3"/>
      </object_component>
      <object_component id="oc-7e">
         <name>.debug_info</name>
         <load_address>0x70ab</load_address>
         <run_address>0x70ab</run_address>
         <size>0xfa0</size>
         <input_file_ref idref="fl-3"/>
      </object_component>
      <object_component id="oc-da">
         <name>.debug_info</name>
         <load_address>0x804b</load_address>
         <run_address>0x804b</run_address>
         <size>0x455</size>
         <input_file_ref idref="fl-4"/>
      </object_component>
      <object_component id="oc-39">
         <name>.debug_info</name>
         <load_address>0x84a0</load_address>
         <run_address>0x84a0</run_address>
         <size>0x84</size>
         <input_file_ref idref="fl-4"/>
      </object_component>
      <object_component id="oc-78">
         <name>.debug_info</name>
         <load_address>0x8524</load_address>
         <run_address>0x8524</run_address>
         <size>0x53d</size>
         <input_file_ref idref="fl-6"/>
      </object_component>
      <object_component id="oc-2b">
         <name>.debug_info</name>
         <load_address>0x8a61</load_address>
         <run_address>0x8a61</run_address>
         <size>0x8bf</size>
         <input_file_ref idref="fl-6"/>
      </object_component>
      <object_component id="oc-32">
         <name>.debug_info</name>
         <load_address>0x9320</load_address>
         <run_address>0x9320</run_address>
         <size>0x2c5</size>
         <input_file_ref idref="fl-7"/>
      </object_component>
      <object_component id="oc-10">
         <name>.debug_info</name>
         <load_address>0x95e5</load_address>
         <run_address>0x95e5</run_address>
         <size>0xee</size>
         <input_file_ref idref="fl-7"/>
      </object_component>
      <object_component id="oc-25">
         <name>.debug_info</name>
         <load_address>0x96d3</load_address>
         <run_address>0x96d3</run_address>
         <size>0x26a</size>
         <input_file_ref idref="fl-7"/>
      </object_component>
      <object_component id="oc-1a9">
         <name>.debug_info</name>
         <load_address>0x993d</load_address>
         <run_address>0x993d</run_address>
         <size>0x2d0</size>
         <input_file_ref idref="fl-8"/>
      </object_component>
      <object_component id="oc-114">
         <name>.debug_info</name>
         <load_address>0x9c0d</load_address>
         <run_address>0x9c0d</run_address>
         <size>0x5bb</size>
         <input_file_ref idref="fl-8"/>
      </object_component>
      <object_component id="oc-140">
         <name>.debug_info</name>
         <load_address>0xa1c8</load_address>
         <run_address>0xa1c8</run_address>
         <size>0x2c</size>
         <input_file_ref idref="fl-8"/>
      </object_component>
      <object_component id="oc-84">
         <name>.debug_info</name>
         <load_address>0xa1f4</load_address>
         <run_address>0xa1f4</run_address>
         <size>0x125</size>
         <input_file_ref idref="fl-9"/>
      </object_component>
      <object_component id="oc-1bd">
         <name>.debug_info</name>
         <load_address>0xa319</load_address>
         <run_address>0xa319</run_address>
         <size>0x332</size>
         <input_file_ref idref="fl-c3"/>
      </object_component>
      <object_component id="oc-11a">
         <name>.debug_info</name>
         <load_address>0xa64b</load_address>
         <run_address>0xa64b</run_address>
         <size>0x1d0</size>
         <input_file_ref idref="fl-c3"/>
      </object_component>
      <object_component id="oc-1b1">
         <name>.debug_info</name>
         <load_address>0xa81b</load_address>
         <run_address>0xa81b</run_address>
         <size>0x18c</size>
         <input_file_ref idref="fl-c3"/>
      </object_component>
      <object_component id="oc-1b7">
         <name>.debug_info</name>
         <load_address>0xa9a7</load_address>
         <run_address>0xa9a7</run_address>
         <size>0x16c</size>
         <input_file_ref idref="fl-c3"/>
      </object_component>
      <object_component id="oc-2e4">
         <name>.debug_info</name>
         <load_address>0xab13</load_address>
         <run_address>0xab13</run_address>
         <size>0x2c</size>
         <input_file_ref idref="fl-c3"/>
      </object_component>
      <object_component id="oc-3f">
         <name>.debug_info</name>
         <load_address>0xab3f</load_address>
         <run_address>0xab3f</run_address>
         <size>0x118</size>
         <input_file_ref idref="fl-c4"/>
      </object_component>
      <object_component id="oc-c2">
         <name>.debug_info</name>
         <load_address>0xac57</load_address>
         <run_address>0xac57</run_address>
         <size>0x146</size>
         <input_file_ref idref="fl-c5"/>
      </object_component>
      <object_component id="oc-c0">
         <name>.debug_info</name>
         <load_address>0xad9d</load_address>
         <run_address>0xad9d</run_address>
         <size>0x2d3</size>
         <input_file_ref idref="fl-c6"/>
      </object_component>
      <object_component id="oc-51">
         <name>.debug_info</name>
         <load_address>0xb070</load_address>
         <run_address>0xb070</run_address>
         <size>0x1b4</size>
         <input_file_ref idref="fl-c6"/>
      </object_component>
      <object_component id="oc-bb">
         <name>.debug_info</name>
         <load_address>0xb224</load_address>
         <run_address>0xb224</run_address>
         <size>0x46</size>
         <input_file_ref idref="fl-c6"/>
      </object_component>
      <object_component id="oc-49">
         <name>.debug_info</name>
         <load_address>0xb26a</load_address>
         <run_address>0xb26a</run_address>
         <size>0x2a7</size>
         <input_file_ref idref="fl-c7"/>
      </object_component>
      <object_component id="oc-19">
         <name>.debug_info</name>
         <load_address>0xb511</load_address>
         <run_address>0xb511</run_address>
         <size>0x1e9</size>
         <input_file_ref idref="fl-c7"/>
      </object_component>
      <object_component id="oc-44">
         <name>.debug_info</name>
         <load_address>0xb6fa</load_address>
         <run_address>0xb6fa</run_address>
         <size>0x46</size>
         <input_file_ref idref="fl-c7"/>
      </object_component>
      <object_component id="oc-b3">
         <name>.debug_info</name>
         <load_address>0xb740</load_address>
         <run_address>0xb740</run_address>
         <size>0x2c</size>
         <input_file_ref idref="fl-c7"/>
      </object_component>
      <object_component id="oc-b1">
         <name>.debug_info</name>
         <load_address>0xb76c</load_address>
         <run_address>0xb76c</run_address>
         <size>0x29d</size>
         <input_file_ref idref="fl-c8"/>
      </object_component>
      <object_component id="oc-13">
         <name>.debug_info</name>
         <load_address>0xba09</load_address>
         <run_address>0xba09</run_address>
         <size>0x24f</size>
         <input_file_ref idref="fl-c8"/>
      </object_component>
      <object_component id="oc-34">
         <name>.debug_info</name>
         <load_address>0xbc58</load_address>
         <run_address>0xbc58</run_address>
         <size>0x60</size>
         <input_file_ref idref="fl-c8"/>
      </object_component>
      <object_component id="oc-139">
         <name>.debug_info</name>
         <load_address>0xbcb8</load_address>
         <run_address>0xbcb8</run_address>
         <size>0x46</size>
         <input_file_ref idref="fl-c8"/>
      </object_component>
      <object_component id="oc-ac">
         <name>.debug_info</name>
         <load_address>0xbcfe</load_address>
         <run_address>0xbcfe</run_address>
         <size>0x39</size>
         <input_file_ref idref="fl-c8"/>
      </object_component>
      <object_component id="oc-1c4">
         <name>.debug_info</name>
         <load_address>0xbd37</load_address>
         <run_address>0xbd37</run_address>
         <size>0x289</size>
         <input_file_ref idref="fl-c9"/>
      </object_component>
      <object_component id="oc-120">
         <name>.debug_info</name>
         <load_address>0xbfc0</load_address>
         <run_address>0xbfc0</run_address>
         <size>0x26e</size>
         <input_file_ref idref="fl-c9"/>
      </object_component>
      <object_component id="oc-1f5">
         <name>.debug_info</name>
         <load_address>0xc22e</load_address>
         <run_address>0xc22e</run_address>
         <size>0x2fd</size>
         <input_file_ref idref="fl-ca"/>
      </object_component>
      <object_component id="oc-1f2">
         <name>.debug_info</name>
         <load_address>0xc52b</load_address>
         <run_address>0xc52b</run_address>
         <size>0x104</size>
         <input_file_ref idref="fl-ca"/>
      </object_component>
      <object_component id="oc-1a3">
         <name>.debug_info</name>
         <load_address>0xc62f</load_address>
         <run_address>0xc62f</run_address>
         <size>0x1aa</size>
         <input_file_ref idref="fl-ca"/>
      </object_component>
      <object_component id="oc-22">
         <name>.debug_info</name>
         <load_address>0xc7d9</load_address>
         <run_address>0xc7d9</run_address>
         <size>0x10a</size>
         <input_file_ref idref="fl-cb"/>
      </object_component>
      <object_component id="oc-5d">
         <name>.debug_info</name>
         <load_address>0xc8e3</load_address>
         <run_address>0xc8e3</run_address>
         <size>0x1a8</size>
         <input_file_ref idref="fl-cb"/>
      </object_component>
      <object_component id="oc-23a">
         <name>.debug_info</name>
         <load_address>0xca8b</load_address>
         <run_address>0xca8b</run_address>
         <size>0x57a</size>
         <input_file_ref idref="fl-cc"/>
      </object_component>
      <object_component id="oc-205">
         <name>.debug_info</name>
         <load_address>0xd005</load_address>
         <run_address>0xd005</run_address>
         <size>0x21d</size>
         <input_file_ref idref="fl-cc"/>
      </object_component>
      <object_component id="oc-2a7">
         <name>.debug_info</name>
         <load_address>0xd222</load_address>
         <run_address>0xd222</run_address>
         <size>0x1b2</size>
         <input_file_ref idref="fl-cc"/>
      </object_component>
      <object_component id="oc-2ad">
         <name>.debug_info</name>
         <load_address>0xd3d4</load_address>
         <run_address>0xd3d4</run_address>
         <size>0x21a</size>
         <input_file_ref idref="fl-cc"/>
      </object_component>
      <object_component id="oc-210">
         <name>.debug_info</name>
         <load_address>0xd5ee</load_address>
         <run_address>0xd5ee</run_address>
         <size>0x3ba</size>
         <input_file_ref idref="fl-cc"/>
      </object_component>
      <object_component id="oc-2b4">
         <name>.debug_info</name>
         <load_address>0xd9a8</load_address>
         <run_address>0xd9a8</run_address>
         <size>0x304</size>
         <input_file_ref idref="fl-cc"/>
      </object_component>
      <object_component id="oc-2ba">
         <name>.debug_info</name>
         <load_address>0xdcac</load_address>
         <run_address>0xdcac</run_address>
         <size>0x214</size>
         <input_file_ref idref="fl-cc"/>
      </object_component>
      <object_component id="oc-216">
         <name>.debug_info</name>
         <load_address>0xdec0</load_address>
         <run_address>0xdec0</run_address>
         <size>0x214</size>
         <input_file_ref idref="fl-cc"/>
      </object_component>
      <object_component id="oc-21c">
         <name>.debug_info</name>
         <load_address>0xe0d4</load_address>
         <run_address>0xe0d4</run_address>
         <size>0x303</size>
         <input_file_ref idref="fl-cc"/>
      </object_component>
      <object_component id="oc-222">
         <name>.debug_info</name>
         <load_address>0xe3d7</load_address>
         <run_address>0xe3d7</run_address>
         <size>0x4af</size>
         <input_file_ref idref="fl-cc"/>
      </object_component>
      <object_component id="oc-1ab">
         <name>.debug_info</name>
         <load_address>0xe886</load_address>
         <run_address>0xe886</run_address>
         <size>0x5f3</size>
         <input_file_ref idref="fl-cc"/>
      </object_component>
      <object_component id="oc-23b">
         <name>.debug_info</name>
         <load_address>0xee79</load_address>
         <run_address>0xee79</run_address>
         <size>0x86</size>
         <input_file_ref idref="fl-cc"/>
      </object_component>
      <object_component id="oc-2e9">
         <name>.debug_info</name>
         <load_address>0xeeff</load_address>
         <run_address>0xeeff</run_address>
         <size>0x39</size>
         <input_file_ref idref="fl-cc"/>
      </object_component>
      <object_component id="oc-33d">
         <name>.debug_info</name>
         <load_address>0xef38</load_address>
         <run_address>0xef38</run_address>
         <size>0xb6</size>
         <input_file_ref idref="fl-cc"/>
      </object_component>
      <object_component id="oc-2ee">
         <name>.debug_info</name>
         <load_address>0xefee</load_address>
         <run_address>0xefee</run_address>
         <size>0x46</size>
         <input_file_ref idref="fl-cc"/>
      </object_component>
      <object_component id="oc-240">
         <name>.debug_info</name>
         <load_address>0xf034</load_address>
         <run_address>0xf034</run_address>
         <size>0x46</size>
         <input_file_ref idref="fl-cc"/>
      </object_component>
      <object_component id="oc-2a2">
         <name>.debug_info</name>
         <load_address>0xf07a</load_address>
         <run_address>0xf07a</run_address>
         <size>0x14b</size>
         <input_file_ref idref="fl-cd"/>
      </object_component>
      <object_component id="oc-20b">
         <name>.debug_info</name>
         <load_address>0xf1c5</load_address>
         <run_address>0xf1c5</run_address>
         <size>0x127</size>
         <input_file_ref idref="fl-ce"/>
      </object_component>
      <object_component id="oc-28d">
         <name>.debug_info</name>
         <load_address>0xf2ec</load_address>
         <run_address>0xf2ec</run_address>
         <size>0x129</size>
         <input_file_ref idref="fl-ce"/>
      </object_component>
      <object_component id="oc-288">
         <name>.debug_info</name>
         <load_address>0xf415</load_address>
         <run_address>0xf415</run_address>
         <size>0x139</size>
         <input_file_ref idref="fl-cf"/>
      </object_component>
      <object_component id="oc-283">
         <name>.debug_info</name>
         <load_address>0xf54e</load_address>
         <run_address>0xf54e</run_address>
         <size>0x139</size>
         <input_file_ref idref="fl-d0"/>
      </object_component>
      <object_component id="oc-292">
         <name>.debug_info</name>
         <load_address>0xf687</load_address>
         <run_address>0xf687</run_address>
         <size>0x12d</size>
         <input_file_ref idref="fl-d1"/>
      </object_component>
      <object_component id="oc-29d">
         <name>.debug_info</name>
         <load_address>0xf7b4</load_address>
         <run_address>0xf7b4</run_address>
         <size>0x12b</size>
         <input_file_ref idref="fl-d2"/>
      </object_component>
      <object_component id="oc-27c">
         <name>.debug_info</name>
         <load_address>0xf8df</load_address>
         <run_address>0xf8df</run_address>
         <size>0x133</size>
         <input_file_ref idref="fl-d3"/>
      </object_component>
      <object_component id="oc-1d0">
         <name>.debug_info</name>
         <load_address>0xfa12</load_address>
         <run_address>0xfa12</run_address>
         <size>0x4b2</size>
         <input_file_ref idref="fl-d4"/>
      </object_component>
      <object_component id="oc-156">
         <name>.debug_info</name>
         <load_address>0xfec4</load_address>
         <run_address>0xfec4</run_address>
         <size>0x1a5</size>
         <input_file_ref idref="fl-d4"/>
      </object_component>
      <object_component id="oc-25b">
         <name>.debug_info</name>
         <load_address>0x10069</load_address>
         <run_address>0x10069</run_address>
         <size>0x39</size>
         <input_file_ref idref="fl-d4"/>
      </object_component>
      <object_component id="oc-2f6">
         <name>.debug_info</name>
         <load_address>0x100a2</load_address>
         <run_address>0x100a2</run_address>
         <size>0x39</size>
         <input_file_ref idref="fl-d4"/>
      </object_component>
      <object_component id="oc-260">
         <name>.debug_info</name>
         <load_address>0x100db</load_address>
         <run_address>0x100db</run_address>
         <size>0x39</size>
         <input_file_ref idref="fl-d4"/>
      </object_component>
      <object_component id="oc-265">
         <name>.debug_info</name>
         <load_address>0x10114</load_address>
         <run_address>0x10114</run_address>
         <size>0xcd</size>
         <input_file_ref idref="fl-d4"/>
      </object_component>
      <object_component id="oc-c8">
         <name>.debug_info</name>
         <load_address>0x101e1</load_address>
         <run_address>0x101e1</run_address>
         <size>0x152</size>
         <input_file_ref idref="fl-d5"/>
      </object_component>
      <object_component id="oc-14a">
         <name>.debug_info</name>
         <load_address>0x10333</load_address>
         <run_address>0x10333</run_address>
         <size>0x121</size>
         <input_file_ref idref="fl-d7"/>
      </object_component>
      <object_component id="oc-27a">
         <name>.debug_info</name>
         <load_address>0x10454</load_address>
         <run_address>0x10454</run_address>
         <size>0x2b8</size>
         <input_file_ref idref="fl-da"/>
      </object_component>
      <object_component id="oc-1ff">
         <name>.debug_info</name>
         <load_address>0x1070c</load_address>
         <run_address>0x1070c</run_address>
         <size>0x17b</size>
         <input_file_ref idref="fl-da"/>
      </object_component>
      <object_component id="oc-30a">
         <name>.debug_info</name>
         <load_address>0x10887</load_address>
         <run_address>0x10887</run_address>
         <size>0xf8</size>
         <input_file_ref idref="fl-db"/>
      </object_component>
      <object_component id="oc-277">
         <name>.debug_info</name>
         <load_address>0x1097f</load_address>
         <run_address>0x1097f</run_address>
         <size>0x104</size>
         <input_file_ref idref="fl-db"/>
      </object_component>
      <object_component id="oc-318">
         <name>.debug_info</name>
         <load_address>0x10a83</load_address>
         <run_address>0x10a83</run_address>
         <size>0x29a</size>
         <input_file_ref idref="fl-dc"/>
      </object_component>
      <object_component id="oc-297">
         <name>.debug_info</name>
         <load_address>0x10d1d</load_address>
         <run_address>0x10d1d</run_address>
         <size>0x1cc</size>
         <input_file_ref idref="fl-dc"/>
      </object_component>
      <object_component id="oc-2d5">
         <name>.debug_info</name>
         <load_address>0x10ee9</load_address>
         <run_address>0x10ee9</run_address>
         <size>0x295</size>
         <input_file_ref idref="fl-dd"/>
      </object_component>
      <object_component id="oc-228">
         <name>.debug_info</name>
         <load_address>0x1117e</load_address>
         <run_address>0x1117e</run_address>
         <size>0x1b5</size>
         <input_file_ref idref="fl-dd"/>
      </object_component>
      <object_component id="oc-32f">
         <name>.debug_info</name>
         <load_address>0x11333</load_address>
         <run_address>0x11333</run_address>
         <size>0x299</size>
         <input_file_ref idref="fl-de"/>
      </object_component>
      <object_component id="oc-2ce">
         <name>.debug_info</name>
         <load_address>0x115cc</load_address>
         <run_address>0x115cc</run_address>
         <size>0x25d</size>
         <input_file_ref idref="fl-de"/>
      </object_component>
      <object_component id="oc-26f">
         <name>.debug_info</name>
         <load_address>0x11829</load_address>
         <run_address>0x11829</run_address>
         <size>0x28f</size>
         <input_file_ref idref="fl-df"/>
      </object_component>
      <object_component id="oc-1ec">
         <name>.debug_info</name>
         <load_address>0x11ab8</load_address>
         <run_address>0x11ab8</run_address>
         <size>0x197</size>
         <input_file_ref idref="fl-df"/>
      </object_component>
      <object_component id="oc-275">
         <name>.debug_info</name>
         <load_address>0x11c4f</load_address>
         <run_address>0x11c4f</run_address>
         <size>0x28e</size>
         <input_file_ref idref="fl-e0"/>
      </object_component>
      <object_component id="oc-1f9">
         <name>.debug_info</name>
         <load_address>0x11edd</load_address>
         <run_address>0x11edd</run_address>
         <size>0x240</size>
         <input_file_ref idref="fl-e0"/>
      </object_component>
      <object_component id="oc-26d">
         <name>.debug_info</name>
         <load_address>0x1211d</load_address>
         <run_address>0x1211d</run_address>
         <size>0x294</size>
         <input_file_ref idref="fl-e1"/>
      </object_component>
      <object_component id="oc-1e6">
         <name>.debug_info</name>
         <load_address>0x123b1</load_address>
         <run_address>0x123b1</run_address>
         <size>0x1c2</size>
         <input_file_ref idref="fl-e1"/>
      </object_component>
      <object_component id="oc-2e1">
         <name>.debug_info</name>
         <load_address>0x12573</load_address>
         <run_address>0x12573</run_address>
         <size>0x288</size>
         <input_file_ref idref="fl-e2"/>
      </object_component>
      <object_component id="oc-2de">
         <name>.debug_info</name>
         <load_address>0x127fb</load_address>
         <run_address>0x127fb</run_address>
         <size>0x10d</size>
         <input_file_ref idref="fl-e2"/>
      </object_component>
      <object_component id="oc-234">
         <name>.debug_info</name>
         <load_address>0x12908</load_address>
         <run_address>0x12908</run_address>
         <size>0x14d</size>
         <input_file_ref idref="fl-e2"/>
      </object_component>
      <object_component id="oc-2dc">
         <name>.debug_info</name>
         <load_address>0x12a55</load_address>
         <run_address>0x12a55</run_address>
         <size>0x28e</size>
         <input_file_ref idref="fl-e3"/>
      </object_component>
      <object_component id="oc-22e">
         <name>.debug_info</name>
         <load_address>0x12ce3</load_address>
         <run_address>0x12ce3</run_address>
         <size>0x159</size>
         <input_file_ref idref="fl-e3"/>
      </object_component>
      <object_component id="oc-332">
         <name>.debug_info</name>
         <load_address>0x12e3c</load_address>
         <run_address>0x12e3c</run_address>
         <size>0x46</size>
         <input_file_ref idref="fl-e3"/>
      </object_component>
      <object_component id="oc-2d7">
         <name>.debug_info</name>
         <load_address>0x12e82</load_address>
         <run_address>0x12e82</run_address>
         <size>0x39</size>
         <input_file_ref idref="fl-e3"/>
      </object_component>
      <object_component id="oc-320">
         <name>.debug_info</name>
         <load_address>0x12ebb</load_address>
         <run_address>0x12ebb</run_address>
         <size>0x299</size>
         <input_file_ref idref="fl-e4"/>
      </object_component>
      <object_component id="oc-2c2">
         <name>.debug_info</name>
         <load_address>0x13154</load_address>
         <run_address>0x13154</run_address>
         <size>0x194</size>
         <input_file_ref idref="fl-e4"/>
      </object_component>
      <object_component id="oc-349">
         <name>.debug_info</name>
         <load_address>0x132e8</load_address>
         <run_address>0x132e8</run_address>
         <size>0x39</size>
         <input_file_ref idref="fl-e4"/>
      </object_component>
      <object_component id="oc-321">
         <name>.debug_info</name>
         <load_address>0x13321</load_address>
         <run_address>0x13321</run_address>
         <size>0x2c</size>
         <input_file_ref idref="fl-e4"/>
      </object_component>
      <object_component id="oc-32d">
         <name>.debug_info</name>
         <load_address>0x1334d</load_address>
         <run_address>0x1334d</run_address>
         <size>0x2fc</size>
         <input_file_ref idref="fl-e5"/>
      </object_component>
      <object_component id="oc-2c8">
         <name>.debug_info</name>
         <load_address>0x13649</load_address>
         <run_address>0x13649</run_address>
         <size>0x224</size>
         <input_file_ref idref="fl-e5"/>
      </object_component>
      <object_component id="oc-30e">
         <name>.debug_info</name>
         <load_address>0x1386d</load_address>
         <run_address>0x1386d</run_address>
         <size>0x114</size>
         <input_file_ref idref="fl-e6"/>
      </object_component>
      <object_component id="oc-32a">
         <name>.debug_info</name>
         <load_address>0x13981</load_address>
         <run_address>0x13981</run_address>
         <size>0x160</size>
         <input_file_ref idref="fl-e7"/>
      </object_component>
      <object_component id="oc-37f">
         <name>.debug_info</name>
         <load_address>0x13ae1</load_address>
         <run_address>0x13ae1</run_address>
         <size>0xa1</size>
      </object_component>
      <object_component id="oc-12c">
         <name>.debug_line</name>
         <load_address>0x0</load_address>
         <run_address>0x0</run_address>
         <size>0x116</size>
         <input_file_ref idref="fl-1"/>
      </object_component>
      <object_component id="oc-8d">
         <name>.debug_line</name>
         <load_address>0x116</load_address>
         <run_address>0x116</run_address>
         <size>0x4cb</size>
         <input_file_ref idref="fl-1"/>
      </object_component>
      <object_component id="oc-aa">
         <name>.debug_line</name>
         <load_address>0x5e1</load_address>
         <run_address>0x5e1</run_address>
         <size>0x71</size>
         <input_file_ref idref="fl-1"/>
      </object_component>
      <object_component id="oc-10e">
         <name>.debug_line</name>
         <load_address>0x652</load_address>
         <run_address>0x652</run_address>
         <size>0x2d</size>
         <input_file_ref idref="fl-1"/>
      </object_component>
      <object_component id="oc-129">
         <name>.debug_line</name>
         <load_address>0x67f</load_address>
         <run_address>0x67f</run_address>
         <size>0x2e</size>
         <input_file_ref idref="fl-1"/>
      </object_component>
      <object_component id="oc-9e">
         <name>.debug_line</name>
         <load_address>0x6ad</load_address>
         <run_address>0x6ad</run_address>
         <size>0x20</size>
         <input_file_ref idref="fl-1"/>
      </object_component>
      <object_component id="oc-a3">
         <name>.debug_line</name>
         <load_address>0x6cd</load_address>
         <run_address>0x6cd</run_address>
         <size>0x2e</size>
         <input_file_ref idref="fl-1"/>
      </object_component>
      <object_component id="oc-137">
         <name>.debug_line</name>
         <load_address>0x6fb</load_address>
         <run_address>0x6fb</run_address>
         <size>0x75</size>
         <input_file_ref idref="fl-1"/>
      </object_component>
      <object_component id="oc-99">
         <name>.debug_line</name>
         <load_address>0x770</load_address>
         <run_address>0x770</run_address>
         <size>0x72</size>
         <input_file_ref idref="fl-1"/>
      </object_component>
      <object_component id="oc-1c1">
         <name>.debug_line</name>
         <load_address>0x7e2</load_address>
         <run_address>0x7e2</run_address>
         <size>0x6d</size>
         <input_file_ref idref="fl-1"/>
      </object_component>
      <object_component id="oc-130">
         <name>.debug_line</name>
         <load_address>0x84f</load_address>
         <run_address>0x84f</run_address>
         <size>0x2d</size>
         <input_file_ref idref="fl-1"/>
      </object_component>
      <object_component id="oc-109">
         <name>.debug_line</name>
         <load_address>0x87c</load_address>
         <run_address>0x87c</run_address>
         <size>0x2d</size>
         <input_file_ref idref="fl-1"/>
      </object_component>
      <object_component id="oc-18d">
         <name>.debug_line</name>
         <load_address>0x8a9</load_address>
         <run_address>0x8a9</run_address>
         <size>0x54</size>
         <input_file_ref idref="fl-2"/>
      </object_component>
      <object_component id="oc-133">
         <name>.debug_line</name>
         <load_address>0x8fd</load_address>
         <run_address>0x8fd</run_address>
         <size>0x2d</size>
         <input_file_ref idref="fl-2"/>
      </object_component>
      <object_component id="oc-18b">
         <name>.debug_line</name>
         <load_address>0x92a</load_address>
         <run_address>0x92a</run_address>
         <size>0x2d</size>
         <input_file_ref idref="fl-2"/>
      </object_component>
      <object_component id="oc-189">
         <name>.debug_line</name>
         <load_address>0x957</load_address>
         <run_address>0x957</run_address>
         <size>0x2d</size>
         <input_file_ref idref="fl-2"/>
      </object_component>
      <object_component id="oc-18f">
         <name>.debug_line</name>
         <load_address>0x984</load_address>
         <run_address>0x984</run_address>
         <size>0x2d</size>
         <input_file_ref idref="fl-2"/>
      </object_component>
      <object_component id="oc-19d">
         <name>.debug_line</name>
         <load_address>0x9b1</load_address>
         <run_address>0x9b1</run_address>
         <size>0x2d</size>
         <input_file_ref idref="fl-2"/>
      </object_component>
      <object_component id="oc-19f">
         <name>.debug_line</name>
         <load_address>0x9de</load_address>
         <run_address>0x9de</run_address>
         <size>0x2d</size>
         <input_file_ref idref="fl-2"/>
      </object_component>
      <object_component id="oc-199">
         <name>.debug_line</name>
         <load_address>0xa0b</load_address>
         <run_address>0xa0b</run_address>
         <size>0x2d</size>
         <input_file_ref idref="fl-2"/>
      </object_component>
      <object_component id="oc-19b">
         <name>.debug_line</name>
         <load_address>0xa38</load_address>
         <run_address>0xa38</run_address>
         <size>0x2d</size>
         <input_file_ref idref="fl-2"/>
      </object_component>
      <object_component id="oc-191">
         <name>.debug_line</name>
         <load_address>0xa65</load_address>
         <run_address>0xa65</run_address>
         <size>0x2d</size>
         <input_file_ref idref="fl-2"/>
      </object_component>
      <object_component id="oc-193">
         <name>.debug_line</name>
         <load_address>0xa92</load_address>
         <run_address>0xa92</run_address>
         <size>0x2d</size>
         <input_file_ref idref="fl-2"/>
      </object_component>
      <object_component id="oc-195">
         <name>.debug_line</name>
         <load_address>0xabf</load_address>
         <run_address>0xabf</run_address>
         <size>0x2d</size>
         <input_file_ref idref="fl-2"/>
      </object_component>
      <object_component id="oc-197">
         <name>.debug_line</name>
         <load_address>0xaec</load_address>
         <run_address>0xaec</run_address>
         <size>0x2d</size>
         <input_file_ref idref="fl-2"/>
      </object_component>
      <object_component id="oc-75">
         <name>.debug_line</name>
         <load_address>0xb19</load_address>
         <run_address>0xb19</run_address>
         <size>0x90f</size>
         <input_file_ref idref="fl-2"/>
      </object_component>
      <object_component id="oc-1a1">
         <name>.debug_line</name>
         <load_address>0x1428</load_address>
         <run_address>0x1428</run_address>
         <size>0x20</size>
         <input_file_ref idref="fl-3"/>
      </object_component>
      <object_component id="oc-81">
         <name>.debug_line</name>
         <load_address>0x1448</load_address>
         <run_address>0x1448</run_address>
         <size>0x39a</size>
         <input_file_ref idref="fl-3"/>
      </object_component>
      <object_component id="oc-dd">
         <name>.debug_line</name>
         <load_address>0x17e2</load_address>
         <run_address>0x17e2</run_address>
         <size>0xdd</size>
         <input_file_ref idref="fl-4"/>
      </object_component>
      <object_component id="oc-3c">
         <name>.debug_line</name>
         <load_address>0x18bf</load_address>
         <run_address>0x18bf</run_address>
         <size>0x20</size>
         <input_file_ref idref="fl-4"/>
      </object_component>
      <object_component id="oc-105">
         <name>.debug_line</name>
         <load_address>0x18df</load_address>
         <run_address>0x18df</run_address>
         <size>0x62</size>
         <input_file_ref idref="fl-6"/>
      </object_component>
      <object_component id="oc-2e">
         <name>.debug_line</name>
         <load_address>0x1941</load_address>
         <run_address>0x1941</run_address>
         <size>0x297</size>
         <input_file_ref idref="fl-6"/>
      </object_component>
      <object_component id="oc-a6">
         <name>.debug_line</name>
         <load_address>0x1bd8</load_address>
         <run_address>0x1bd8</run_address>
         <size>0x41</size>
         <input_file_ref idref="fl-7"/>
      </object_component>
      <object_component id="oc-31">
         <name>.debug_line</name>
         <load_address>0x1c19</load_address>
         <run_address>0x1c19</run_address>
         <size>0x41</size>
         <input_file_ref idref="fl-7"/>
      </object_component>
      <object_component id="oc-28">
         <name>.debug_line</name>
         <load_address>0x1c5a</load_address>
         <run_address>0x1c5a</run_address>
         <size>0xa1</size>
         <input_file_ref idref="fl-7"/>
      </object_component>
      <object_component id="oc-1f7">
         <name>.debug_line</name>
         <load_address>0x1cfb</load_address>
         <run_address>0x1cfb</run_address>
         <size>0x6d</size>
         <input_file_ref idref="fl-8"/>
      </object_component>
      <object_component id="oc-117">
         <name>.debug_line</name>
         <load_address>0x1d68</load_address>
         <run_address>0x1d68</run_address>
         <size>0x1a6</size>
         <input_file_ref idref="fl-8"/>
      </object_component>
      <object_component id="oc-143">
         <name>.debug_line</name>
         <load_address>0x1f0e</load_address>
         <run_address>0x1f0e</run_address>
         <size>0x6d</size>
         <input_file_ref idref="fl-8"/>
      </object_component>
      <object_component id="oc-87">
         <name>.debug_line</name>
         <load_address>0x1f7b</load_address>
         <run_address>0x1f7b</run_address>
         <size>0x4c</size>
         <input_file_ref idref="fl-9"/>
      </object_component>
      <object_component id="oc-248">
         <name>.debug_line</name>
         <load_address>0x1fc7</load_address>
         <run_address>0x1fc7</run_address>
         <size>0x2d</size>
         <input_file_ref idref="fl-c3"/>
      </object_component>
      <object_component id="oc-11d">
         <name>.debug_line</name>
         <load_address>0x1ff4</load_address>
         <run_address>0x1ff4</run_address>
         <size>0x4b</size>
         <input_file_ref idref="fl-c3"/>
      </object_component>
      <object_component id="oc-1b4">
         <name>.debug_line</name>
         <load_address>0x203f</load_address>
         <run_address>0x203f</run_address>
         <size>0x4b</size>
         <input_file_ref idref="fl-c3"/>
      </object_component>
      <object_component id="oc-1ba">
         <name>.debug_line</name>
         <load_address>0x208a</load_address>
         <run_address>0x208a</run_address>
         <size>0x3f</size>
         <input_file_ref idref="fl-c3"/>
      </object_component>
      <object_component id="oc-2e7">
         <name>.debug_line</name>
         <load_address>0x20c9</load_address>
         <run_address>0x20c9</run_address>
         <size>0x8f</size>
         <input_file_ref idref="fl-c3"/>
      </object_component>
      <object_component id="oc-42">
         <name>.debug_line</name>
         <load_address>0x2158</load_address>
         <run_address>0x2158</run_address>
         <size>0x88</size>
         <input_file_ref idref="fl-c4"/>
      </object_component>
      <object_component id="oc-c5">
         <name>.debug_line</name>
         <load_address>0x21e0</load_address>
         <run_address>0x21e0</run_address>
         <size>0x79</size>
         <input_file_ref idref="fl-c5"/>
      </object_component>
      <object_component id="oc-146">
         <name>.debug_line</name>
         <load_address>0x2259</load_address>
         <run_address>0x2259</run_address>
         <size>0x90</size>
         <input_file_ref idref="fl-c6"/>
      </object_component>
      <object_component id="oc-54">
         <name>.debug_line</name>
         <load_address>0x22e9</load_address>
         <run_address>0x22e9</run_address>
         <size>0x4f</size>
         <input_file_ref idref="fl-c6"/>
      </object_component>
      <object_component id="oc-be">
         <name>.debug_line</name>
         <load_address>0x2338</load_address>
         <run_address>0x2338</run_address>
         <size>0x34</size>
         <input_file_ref idref="fl-c6"/>
      </object_component>
      <object_component id="oc-b9">
         <name>.debug_line</name>
         <load_address>0x236c</load_address>
         <run_address>0x236c</run_address>
         <size>0x20</size>
         <input_file_ref idref="fl-c7"/>
      </object_component>
      <object_component id="oc-1c">
         <name>.debug_line</name>
         <load_address>0x238c</load_address>
         <run_address>0x238c</run_address>
         <size>0x55</size>
         <input_file_ref idref="fl-c7"/>
      </object_component>
      <object_component id="oc-47">
         <name>.debug_line</name>
         <load_address>0x23e1</load_address>
         <run_address>0x23e1</run_address>
         <size>0x3a</size>
         <input_file_ref idref="fl-c7"/>
      </object_component>
      <object_component id="oc-b6">
         <name>.debug_line</name>
         <load_address>0x241b</load_address>
         <run_address>0x241b</run_address>
         <size>0x90</size>
         <input_file_ref idref="fl-c7"/>
      </object_component>
      <object_component id="oc-13f">
         <name>.debug_line</name>
         <load_address>0x24ab</load_address>
         <run_address>0x24ab</run_address>
         <size>0x20</size>
         <input_file_ref idref="fl-c8"/>
      </object_component>
      <object_component id="oc-16">
         <name>.debug_line</name>
         <load_address>0x24cb</load_address>
         <run_address>0x24cb</run_address>
         <size>0xa9</size>
         <input_file_ref idref="fl-c8"/>
      </object_component>
      <object_component id="oc-37">
         <name>.debug_line</name>
         <load_address>0x2574</load_address>
         <run_address>0x2574</run_address>
         <size>0x3a</size>
         <input_file_ref idref="fl-c8"/>
      </object_component>
      <object_component id="oc-13c">
         <name>.debug_line</name>
         <load_address>0x25ae</load_address>
         <run_address>0x25ae</run_address>
         <size>0x98</size>
         <input_file_ref idref="fl-c8"/>
      </object_component>
      <object_component id="oc-af">
         <name>.debug_line</name>
         <load_address>0x2646</load_address>
         <run_address>0x2646</run_address>
         <size>0x94</size>
         <input_file_ref idref="fl-c8"/>
      </object_component>
      <object_component id="oc-24a">
         <name>.debug_line</name>
         <load_address>0x26da</load_address>
         <run_address>0x26da</run_address>
         <size>0x20</size>
         <input_file_ref idref="fl-c9"/>
      </object_component>
      <object_component id="oc-123">
         <name>.debug_line</name>
         <load_address>0x26fa</load_address>
         <run_address>0x26fa</run_address>
         <size>0xab</size>
         <input_file_ref idref="fl-c9"/>
      </object_component>
      <object_component id="oc-273">
         <name>.debug_line</name>
         <load_address>0x27a5</load_address>
         <run_address>0x27a5</run_address>
         <size>0x90</size>
         <input_file_ref idref="fl-ca"/>
      </object_component>
      <object_component id="oc-271">
         <name>.debug_line</name>
         <load_address>0x2835</load_address>
[...]
      </symbol>
      <symbol id="sm-26f">
         <name>etherSendPingResponse</name>
         <value>0xab9</value>
         <object_component_ref idref="oc-71"/>
      </symbol>
      <symbol id="sm-270">
         <name>ipBcastAddress</name>
         <value>0x200016b0</value>
         <object_component_ref idref="oc-f7"/>
      </symbol>
      <symbol id="sm-271">
         <name>nextPacketLsb</name>
         <value>0x200016a8</value>
         <object_component_ref idref="oc-e2"/>
      </symbol>
      <symbol id="sm-272">
         <name>etherGetId</name>
         <value>0x176b</value>
         <object_component_ref idref="oc-71"/>
      </symbol>
      <symbol id="sm-273">
         <name>etherReadPhy</name>
         <value>0x3b3</value>
         <object_component_ref idref="oc-71"/>
      </symbol>
      <symbol id="sm-274">
         <name>etherCalcIpChecksum</name>
         <value>0x939</value>
         <object_component_ref idref="oc-71"/>
      </symbol>
      <symbol id="sm-275">
         <name>etherEnableDhcpMode</name>
         <value>0x1781</value>
         <object_component_ref idref="oc-71"/>
      </symbol>
      <symbol id="sm-276">
         <name>etherCsOn</name>
         <value>0x26d</value>
         <object_component_ref idref="oc-71"/>
      </symbol>
      <symbol id="sm-277">
         <name>etherWriteMemStart</name>
         <value>0x41f</value>
         <object_component_ref idref="oc-71"/>
      </symbol>
      <symbol id="sm-278">
         <name>etherPutPacket</name>
         <value>0x791</value>
         <object_component_ref idref="oc-71"/>
      </symbol>
      <symbol id="sm-279">
         <name>sequenceId</name>
         <value>0x200016aa</value>
         <object_component_ref idref="oc-e2"/>
      </symbol>
      <symbol id="sm-2ed">
         <name>selectPinInterruptBothEdges</name>
         <value>0x3463</value>
         <object_component_ref idref="oc-7d"/>
      </symbol>
      <symbol id="sm-2ee">
         <name>getPortValue</name>
         <value>0x3651</value>
         <object_component_ref idref="oc-7d"/>
      </symbol>
      <symbol id="sm-2ef">
         <name>selectPinAnalogInput</name>
         <value>0x3147</value>
         <object_component_ref idref="oc-7d"/>
      </symbol>
      <symbol id="sm-2f0">
         <name>selectPinPushPullOutput</name>
         <value>0x305d</value>
         <object_component_ref idref="oc-7d"/>
      </symbol>
      <symbol id="sm-2f1">
         <name>selectPinInterruptHighLevel</name>
         <value>0x34b9</value>
         <object_component_ref idref="oc-7d"/>
      </symbol>
      <symbol id="sm-2f2">
         <name>selectPinInterruptFallingEdge</name>
         <value>0x3413</value>
         <object_component_ref idref="oc-7d"/>
      </symbol>
      <symbol id="sm-2f3">
         <name>selectPinOpenDrainOutput</name>
         <value>0x30ab</value>
         <object_component_ref idref="oc-7d"/>
      </symbol>
      <symbol id="sm-2f4">
         <name>selectPinInterruptLowLevel</name>
         <value>0x34f3</value>
         <object_component_ref idref="oc-7d"/>
      </symbol>
      <symbol id="sm-2f5">
         <name>setPortValue</name>
         <value>0x35cd</value>
         <object_component_ref idref="oc-7d"/>
      </symbol>
      <symbol id="sm-2f6">
         <name>enablePinInterrupt</name>
         <value>0x352d</value>
         <object_component_ref idref="oc-7d"/>
      </symbol>
      <symbol id="sm-2f7">
         <name>setPinAuxFunction</name>
         <value>0x32b1</value>
         <object_component_ref idref="oc-7d"/>
      </symbol>
      <symbol id="sm-2f8">
         <name>enablePort</name>
         <value>0x2f21</value>
         <object_component_ref idref="oc-7d"/>
      </symbol>
      <symbol id="sm-2f9">
         <name>disablePinPulldown</name>
         <value>0x3289</value>
         <object_component_ref idref="oc-7d"/>
      </symbol>
      <symbol id="sm-2fa">
         <name>setPinCommitControl</name>
         <value>0x3197</value>
         <object_component_ref idref="oc-7d"/>
      </symbol>
      <symbol id="sm-2fb">
         <name>disablePort</name>
         <value>0x2fdd</value>
         <object_component_ref idref="oc-7d"/>
      </symbol>
      <symbol id="sm-2fc">
         <name>disablePinInterrupt</name>
         <value>0x3551</value>
         <object_component_ref idref="oc-7d"/>
      </symbol>
      <symbol id="sm-2fd">
         <name>enablePinPullup</name>
         <value>0x3213</value>
         <object_component_ref idref="oc-7d"/>
      </symbol>
      <symbol id="sm-2fe">
         <name>getPinValue</name>
         <value>0x359b</value>
         <object_component_ref idref="oc-7d"/>
      </symbol>
      <symbol id="sm-2ff">
         <name>enablePinPulldown</name>
         <value>0x3265</value>
         <object_component_ref idref="oc-7d"/>
      </symbol>
      <symbol id="sm-300">
         <name>disablePinPullup</name>
         <value>0x3241</value>
         <object_component_ref idref="oc-7d"/>
      </symbol>
      <symbol id="sm-301">
         <name>selectPinDigitalInput</name>
         <value>0x30f9</value>
         <object_component_ref idref="oc-7d"/>
      </symbol>
      <symbol id="sm-302">
         <name>selectPinInterruptRisingEdge</name>
         <value>0x33c3</value>
         <object_component_ref idref="oc-7d"/>
      </symbol>
      <symbol id="sm-303">
         <name>setPinValue</name>
         <value>0x3575</value>
         <object_component_ref idref="oc-7d"/>
      </symbol>
      <symbol id="sm-324">
         <name>setSpi0Mode</name>
         <value>0x44c7</value>
         <object_component_ref idref="oc-d9"/>
      </symbol>
      <symbol id="sm-325">
         <name>readSpi0Data</name>
         <value>0x452d</value>
         <object_component_ref idref="oc-d9"/>
      </symbol>
      <symbol id="sm-326">
         <name>writeSpi0Data</name>
         <value>0x4515</value>
         <object_component_ref idref="oc-d9"/>
      </symbol>
      <symbol id="sm-327">
         <name>initSpi0</name>
         <value>0x43f5</value>
         <object_component_ref idref="oc-d9"/>
      </symbol>
      <symbol id="sm-328">
         <name>setSpi0BaudRate</name>
         <value>0x4491</value>
         <object_component_ref idref="oc-d9"/>
      </symbol>
      <symbol id="sm-383">
         <name>fn</name>
         <value>0x200015f4</value>
      </symbol>
      <symbol id="sm-384">
         <name>period</name>
         <value>0x2000161c</value>
      </symbol>
      <symbol id="sm-385">
         <name>ticks</name>
         <value>0x20001644</value>
      </symbol>
      <symbol id="sm-386">
         <name>reload</name>
         <value>0x2000166c</value>
      </symbol>
      <symbol id="sm-387">
         <name>flash</name>
         <value>0x3a8f</value>
         <object_component_ref idref="oc-2a"/>
      </symbol>
      <symbol id="sm-388">
         <name>initTimer</name>
         <value>0x36e1</value>
         <object_component_ref idref="oc-2a"/>
      </symbol>
      <symbol id="sm-389">
         <name>renewState</name>
         <value>0x3a83</value>
         <object_component_ref idref="oc-2a"/>
      </symbol>
      <symbol id="sm-38a">
         <name>stopTimer</name>
         <value>0x388d</value>
         <object_component_ref idref="oc-2a"/>
      </symbol>
      <symbol id="sm-38b">
         <name>discoverMessage</name>
         <value>0x39e1</value>
         <object_component_ref idref="oc-2a"/>
      </symbol>
      <symbol id="sm-38c">
         <name>ackTimer</name>
         <value>0x3a87</value>
         <object_component_ref idref="oc-2a"/>
      </symbol>
      <symbol id="sm-38d">
         <name>startOneshotTimer</name>
         <value>0x3781</value>
         <object_component_ref idref="oc-2a"/>
      </symbol>
      <symbol id="sm-38e">
         <name>waitForAck</name>
         <value>0x3a1d</value>
         <object_component_ref idref="oc-2a"/>
      </symbol>
      <symbol id="sm-38f">
         <name>restartTimer</name>
         <value>0x38f3</value>
         <object_component_ref idref="oc-2a"/>
      </symbol>
      <symbol id="sm-390">
         <name>rebindState</name>
         <value>0x3a85</value>
         <object_component_ref idref="oc-2a"/>
      </symbol>
      <symbol id="sm-391">
         <name>random32</name>
         <value>0x39db</value>
         <object_component_ref idref="oc-2a"/>
      </symbol>
      <symbol id="sm-392">
         <name>flash3</name>
         <value>0x3adb</value>
         <object_component_ref idref="oc-2a"/>
      </symbol>
      <symbol id="sm-393">
         <name>flash2</name>
         <value>0x3ab5</value>
         <object_component_ref idref="oc-2a"/>
      </symbol>
      <symbol id="sm-394">
         <name>flash4</name>
         <value>0x3ae9</value>
         <object_component_ref idref="oc-2a"/>
      </symbol>
      <symbol id="sm-395">
         <name>tickIsr</name>
         <value>0x3961</value>
         <object_component_ref idref="oc-2a"/>
      </symbol>
      <symbol id="sm-396">
         <name>startPeriodicTimer</name>
         <value>0x3807</value>
         <object_component_ref idref="oc-2a"/>
      </symbol>
      <symbol id="sm-3b2">
         <name>ResetISR</name>
         <value>0x53bd</value>
         <object_component_ref idref="oc-24"/>
      </symbol>
      <symbol id="sm-3b3">
         <name>g_pfnVectors</name>
         <value>0x0</value>
         <object_component_ref idref="oc-f"/>
      </symbol>
      <symbol id="sm-3f4">
         <name>getcUart0</name>
         <value>0x3c35</value>
         <object_component_ref idref="oc-113"/>
      </symbol>
      <symbol id="sm-3f5">
         <name>kbhitUart0</name>
         <value>0x3d95</value>
         <object_component_ref idref="oc-113"/>
      </symbol>
      <symbol id="sm-3f6">
         <name>setUart0BaudRate</name>
         <value>0x3bc1</value>
         <object_component_ref idref="oc-113"/>
      </symbol>
      <symbol id="sm-3f7">
         <name>putsUart0</name>
         <value>0x3c09</value>
         <object_component_ref idref="oc-113"/>
      </symbol>
      <symbol id="sm-3f8">
         <name>initUart0</name>
         <value>0x3b2d</value>
         <object_component_ref idref="oc-113"/>
      </symbol>
      <symbol id="sm-3f9">
         <name>putcUart0</name>
         <value>0x3bed</value>
         <object_component_ref idref="oc-113"/>
      </symbol>
      <symbol id="sm-3fa">
         <name>ParseFields</name>
         <value>0x3d2d</value>
         <object_component_ref idref="oc-113"/>
      </symbol>
      <symbol id="sm-3fb">
         <name>lower_case</name>
         <value>0x3ceb</value>
         <object_component_ref idref="oc-113"/>
      </symbol>
      <symbol id="sm-3fc">
         <name>getsUart0</name>
         <value>0x3c49</value>
         <object_component_ref idref="oc-113"/>
      </symbol>
      <symbol id="sm-40a">
         <name>waitMicrosecond</name>
         <value>0x52e1</value>
         <object_component_ref idref="oc-83"/>
      </symbol>
      <symbol id="sm-431">
         <name>sprintf</name>
         <value>0x5171</value>
         <object_component_ref idref="oc-119"/>
      </symbol>
      <symbol id="sm-44c">
         <name>memcpy</name>
         <value>0x4bab</value>
         <object_component_ref idref="oc-3e"/>
      </symbol>
      <symbol id="sm-44d">
         <name>__aeabi_memcpy</name>
         <value>0x4bab</value>
         <object_component_ref idref="oc-3e"/>
      </symbol>
      <symbol id="sm-44e">
         <name>__aeabi_memcpy8</name>
         <value>0x4bab</value>
         <object_component_ref idref="oc-3e"/>
      </symbol>
      <symbol id="sm-44f">
         <name>__aeabi_memcpy4</name>
         <value>0x4bab</value>
         <object_component_ref idref="oc-3e"/>
      </symbol>
      <symbol id="sm-45e">
         <name>__aeabi_memset</name>
         <value>0x4deb</value>
         <object_component_ref idref="oc-c1"/>
      </symbol>
      <symbol id="sm-45f">
         <name>memset</name>
         <value>0x4df1</value>
         <object_component_ref idref="oc-c1"/>
      </symbol>
      <symbol id="sm-460">
         <name>__aeabi_memset8</name>
         <value>0x4deb</value>
         <object_component_ref idref="oc-c1"/>
      </symbol>
      <symbol id="sm-461">
         <name>__aeabi_memset4</name>
         <value>0x4deb</value>
         <object_component_ref idref="oc-c1"/>
      </symbol>
      <symbol id="sm-462">
         <name>__aeabi_memclr8</name>
         <value>0x4de9</value>
         <object_component_ref idref="oc-c1"/>
      </symbol>
      <symbol id="sm-463">
         <name>__aeabi_memclr4</name>
         <value>0x4de9</value>
         <object_component_ref idref="oc-c1"/>
      </symbol>
      <symbol id="sm-464">
         <name>__aeabi_memclr</name>
         <value>0x4de9</value>
         <object_component_ref idref="oc-c1"/>
      </symbol>
      <symbol id="sm-476">
         <name>__TI_zero_init</name>
         <value>0x53b1</value>
         <object_component_ref idref="oc-50"/>
      </symbol>
      <symbol id="sm-48d">
         <name>__TI_decompress_none</name>
         <value>0x53a3</value>
         <object_component_ref idref="oc-18"/>
      </symbol>
      <symbol id="sm-4b0">
         <name>__TI_decompress_lzss</name>
         <value>0x4ed1</value>
         <object_component_ref idref="oc-12"/>
      </symbol>
      <symbol id="sm-4bf">
         <name>strcmp</name>
         <value>0x534f</value>
         <object_component_ref idref="oc-11f"/>
      </symbol>
      <symbol id="sm-4d7">
         <name>strtok</name>
         <value>0x51b1</value>
         <object_component_ref idref="oc-1a2"/>
      </symbol>
      <symbol id="sm-4ea">
         <name>__stack</name>
         <value>0x20000000</value>
         <object_component_ref idref="oc-21"/>
      </symbol>
      <symbol id="sm-4eb">
         <name>_c_int00_noargs</name>
         <value>0x5231</value>
         <object_component_ref idref="oc-5c"/>
      </symbol>
      <symbol id="sm-650">
         <name>__TI_printfi</name>
         <value>0x24d1</value>
         <object_component_ref idref="oc-1aa"/>
      </symbol>
      <symbol id="sm-667">
         <name>__aeabi_dsub</name>
         <value>0x423d</value>
         <object_component_ref idref="oc-2a1"/>
      </symbol>
      <symbol id="sm-668">
         <name>__aeabi_dadd</name>
         <value>0x4247</value>
         <object_component_ref idref="oc-2a1"/>
      </symbol>
      <symbol id="sm-68a">
         <name>__aeabi_cdcmpeq</name>
         <value>0x4cdd</value>
         <object_component_ref idref="oc-20a"/>
      </symbol>
      <symbol id="sm-68b">
         <name>__aeabi_cdcmple</name>
         <value>0x4cdd</value>
         <object_component_ref idref="oc-20a"/>
      </symbol>
      <symbol id="sm-68c">
         <name>__aeabi_cdrcmple</name>
         <value>0x4d63</value>
         <object_component_ref idref="oc-28c"/>
      </symbol>
      <symbol id="sm-6a0">
         <name>__aeabi_ddiv</name>
         <value>0x4691</value>
         <object_component_ref idref="oc-287"/>
      </symbol>
      <symbol id="sm-6ab">
         <name>__aeabi_dmul</name>
         <value>0x49fd</value>
         <object_component_ref idref="oc-282"/>
      </symbol>
      <symbol id="sm-6b5">
         <name>__aeabi_d2iz</name>
         <value>0x50e5</value>
         <object_component_ref idref="oc-291"/>
      </symbol>
      <symbol id="sm-6bf">
         <name>__aeabi_i2d</name>
         <value>0x5265</value>
         <object_component_ref idref="oc-29c"/>
      </symbol>
      <symbol id="sm-6cc">
         <name>__aeabi_uldivmod</name>
         <value>0x4c47</value>
         <object_component_ref idref="oc-27b"/>
      </symbol>
      <symbol id="sm-6f4">
         <name>__TI_auto_init_nobinit_nopinit</name>
         <value>0x512d</value>
         <object_component_ref idref="oc-155"/>
      </symbol>
      <symbol id="sm-6fe">
         <name>_system_pre_init</name>
         <value>0x53dd</value>
         <object_component_ref idref="oc-c7"/>
      </symbol>
      <symbol id="sm-70a">
         <name>C$$EXIT</name>
         <value>0x53e1</value>
         <object_component_ref idref="oc-149"/>
      </symbol>
      <symbol id="sm-70b">
         <name>abort</name>
         <value>0x53e1</value>
         <object_component_ref idref="oc-149"/>
      </symbol>
      <symbol id="sm-723">
         <name>atoi</name>
         <value>0x5099</value>
         <object_component_ref idref="oc-1fe"/>
      </symbol>
      <symbol id="sm-72e">
         <name>_ctypes_</name>
         <value>0x53e4</value>
         <object_component_ref idref="oc-276"/>
      </symbol>
      <symbol id="sm-73d">
         <name>ltoa</name>
         <value>0x4ff3</value>
         <object_component_ref idref="oc-296"/>
      </symbol>
      <symbol id="sm-74d">
         <name>memccpy</name>
         <value>0x5301</value>
         <object_component_ref idref="oc-227"/>
      </symbol>
      <symbol id="sm-75d">
         <name>strchr</name>
         <value>0x5367</value>
         <object_component_ref idref="oc-2cd"/>
      </symbol>
      <symbol id="sm-76e">
         <name>strcspn</name>
         <value>0x52bd</value>
         <object_component_ref idref="oc-1eb"/>
      </symbol>
      <symbol id="sm-77c">
         <name>strlen</name>
         <value>0x537d</value>
         <object_component_ref idref="oc-1f8"/>
      </symbol>
      <symbol id="sm-78e">
         <name>strspn</name>
         <value>0x5293</value>
         <object_component_ref idref="oc-1e5"/>
      </symbol>
      <symbol id="sm-7a4">
         <name>__aeabi_errno_addr</name>
         <value>0x53d5</value>
         <object_component_ref idref="oc-233"/>
      </symbol>
      <symbol id="sm-7a5">
         <name>errno</name>
         <value>0x200016bc</value>
         <object_component_ref idref="oc-2dd"/>
      </symbol>
      <symbol id="sm-7be">
         <name>wcslen</name>
         <value>0x5391</value>
         <object_component_ref idref="oc-22d"/>
      </symbol>
      <symbol id="sm-7de">
         <name>frexpl</name>
         <value>0x4f39</value>
         <object_component_ref idref="oc-2c1"/>
      </symbol>
      <symbol id="sm-7df">
         <name>frexp</name>
         <value>0x4f39</value>
         <object_component_ref idref="oc-2c1"/>
      </symbol>
      <symbol id="sm-7fc">
         <name>scalbn</name>
         <value>0x48ed</value>
         <object_component_ref idref="oc-2c7"/>
      </symbol>
      <symbol id="sm-7fd">
         <name>scalbnl</name>
         <value>0x48ed</value>
         <object_component_ref idref="oc-2c7"/>
      </symbol>
      <symbol id="sm-7fe">
         <name>ldexpl</name>
         <value>0x48ed</value>
         <object_component_ref idref="oc-2c7"/>
      </symbol>
      <symbol id="sm-7ff">
         <name>ldexp</name>
         <value>0x48ed</value>
         <object_component_ref idref="oc-2c7"/>
      </symbol>
      <symbol id="sm-809">
         <name>__aeabi_idiv0</name>
         <value>0x2f1f</value>
         <object_component_ref idref="oc-30d"/>
      </symbol>
      <symbol id="sm-80a">
         <name>__aeabi_ldiv0</name>
         <value>0x2f1f</value>
         <object_component_ref idref="oc-30d"/>
      </symbol>
      <symbol id="sm-814">
         <name>copysign</name>
         <value>0x531d</value>
         <object_component_ref idref="oc-326"/>
      </symbol>
      <symbol id="sm-815">
         <name>copysignl</name>
         <value>0x531d</value>
         <object_component_ref idref="oc-326"/>
      </symbol>
      <symbol id="sm-816">
         <name>__TI_static_base__</name>
         <value>0x0</value>
      </symbol>
      <symbol id="sm-819">
         <name>__mpu_init</name>
         <value>0x0</value>
      </symbol>
      <symbol id="sm-81a">
         <name>_system_post_cinit</name>
         <value>0x0</value>
      </symbol>
   </symbol_table>
   <title>Link successful</title>
</link_info>
